MPLINK 5.00, LINKER
Linker Map File - Created Wed Nov 29 16:59:16 2017

                                 Section Info
                  Section       Type    Address   Location Size(Bytes)
                ---------  ---------  ---------  ---------  ---------
               _entry_scn       code   0x000000    program   0x000006
       .code__user_putc.o       code   0x000006    program   0x000002
              high_vector       code   0x000008    program   0x000006
          .code_t1close.o       code   0x00000e    program   0x000006
         .code_pw1close.o       code   0x000014    program   0x000004
               low_vector       code   0x000018    program   0x000006
                   .cinit    romdata   0x00001e    program   0x00000e
.code_Source_Integration.o       code   0x00002c    program   0x001be6
         .code_vfprintf.o       code   0x001c12    program   0x000c22
                     PROG       code   0x002834    program   0x000520
             .stringtable    romdata   0x002d54    program   0x0001fe
         .code_openxlcd.o       code   0x002f52    program   0x0000ec
          .code_sprintf.o       code   0x00303e    program   0x0000ac
               _cinit_scn       code   0x0030ea    program   0x00009e
             .code_putc.o       code   0x003188    program   0x000084
         .code_putrxlcd.o       code   0x00320c    program   0x000076
          .code_fxm3232.o       code   0x003282    program   0x000070
                   STRING       code   0x0032f2    program   0x000066
         .code_setddram.o       code   0x003358    program   0x00005e
         .code_setcgram.o       code   0x0033b6    program   0x00005e
         .code_pw1setdc.o       code   0x003414    program   0x00005e
         .code_writdata.o       code   0x003472    program   0x00005c
         .code_wcmdxlcd.o       code   0x0034ce    program   0x00005c
         .code_putsxlcd.o       code   0x00352a    program   0x00005a
         .code_readdata.o       code   0x003584    program   0x000052
         .code_readaddr.o       code   0x0035d6    program   0x000052
         .code_fxd3232u.o       code   0x003628    program   0x000048
           .code_t1read.o       code   0x003670    program   0x00003e
           .code_t0read.o       code   0x0036ae    program   0x00003e
         .code_busyxlcd.o       code   0x0036ec    program   0x00003e
          .code_t1write.o       code   0x00372a    program   0x000038
          .code_t0write.o       code   0x003762    program   0x000038
           .code_t2open.o       code   0x00379a    program   0x000036
          .code_pw1open.o       code   0x0037d0    program   0x000030
             D10KTCYXCODE       code   0x003800    program   0x00002e
         .code_fxd1616u.o       code   0x00382e    program   0x00002c
                    CTYPE       code   0x00385a    program   0x000024
              D1KTCYXCODE       code   0x00387e    program   0x000020
                    .code       code   0x00389e    program   0x000020
             _startup_scn       code   0x0038be    program   0x00001c
                    STDIO       code   0x0038da    program   0x00001c
         .code_fxd0808u.o       code   0x0038f6    program   0x00001c
              D10TCYXCODE       code   0x003912    program   0x000016
      .romdata_vfprintf.o    romdata   0x003928    program   0x000011
       .idata_sprintf.o_i    romdata   0x003939    program   0x000000
        .romdata___init.o    romdata   0x003939    program   0x000000
        .idata___init.o_i    romdata   0x003939    program   0x000000
      .idata_putrxlcd.o_i    romdata   0x003939    program   0x000000
       .romdata_t1write.o    romdata   0x003939    program   0x000000
       .idata_t1write.o_i    romdata   0x003939    program   0x000000
      .romdata_putrxlcd.o    romdata   0x003939    program   0x000000
       .romdata_t0write.o    romdata   0x003939    program   0x000000
       .idata_t0write.o_i    romdata   0x003939    program   0x000000
      .idata_putsxlcd.o_i    romdata   0x003939    program   0x000000
      .romdata_pw1setdc.o    romdata   0x003939    program   0x000000
      .idata_pw1setdc.o_i    romdata   0x003939    program   0x000000
      .romdata_putsxlcd.o    romdata   0x003939    program   0x000000
        .romdata_t1read.o    romdata   0x003939    program   0x000000
       .romdata_sprintf.o    romdata   0x003939    program   0x000000
      .romdata_openxlcd.o    romdata   0x003939    program   0x000000
      .idata_vfprintf.o_i    romdata   0x003939    program   0x000000
      .idata_openxlcd.o_i    romdata   0x003939    program   0x000000
      .idata_fxd3232u.o_i    romdata   0x003939    program   0x000000
      .romdata_fxd3232u.o    romdata   0x003939    program   0x000000
      .romdata_busyxlcd.o    romdata   0x003939    program   0x000000
       .idata_fxm3232.o_i    romdata   0x003939    program   0x000000
       .romdata_fxm3232.o    romdata   0x003939    program   0x000000
      .idata_busyxlcd.o_i    romdata   0x003939    program   0x000000
          .idata_putc.o_i    romdata   0x003939    program   0x000000
          .romdata_putc.o    romdata   0x003939    program   0x000000
    .idata__user_putc.o_i    romdata   0x003939    program   0x000000
    .romdata__user_putc.o    romdata   0x003939    program   0x000000
         .romdata_c018i.o    romdata   0x003939    program   0x000000
         .idata_c018i.o_i    romdata   0x003939    program   0x000000
      .romdata_writdata.o    romdata   0x003939    program   0x000000
.romdata_Source_Integration.o    romdata   0x003939    program   0x000000
      .idata_writdata.o_i    romdata   0x003939    program   0x000000
      .romdata_wcmdxlcd.o    romdata   0x003939    program   0x000000
      .idata_wcmdxlcd.o_i    romdata   0x003939    program   0x000000
      .romdata_setddram.o    romdata   0x003939    program   0x000000
      .idata_pw1close.o_i    romdata   0x003939    program   0x000000
      .romdata_pw1close.o    romdata   0x003939    program   0x000000
      .idata_setddram.o_i    romdata   0x003939    program   0x000000
       .idata_t0close.o_i    romdata   0x003939    program   0x000000
       .romdata_t0close.o    romdata   0x003939    program   0x000000
       .idata_t1close.o_i    romdata   0x003939    program   0x000000
       .romdata_t1close.o    romdata   0x003939    program   0x000000
      .romdata_setcgram.o    romdata   0x003939    program   0x000000
      .idata_setcgram.o_i    romdata   0x003939    program   0x000000
        .idata_t1read.o_i    romdata   0x003939    program   0x000000
      .idata_readaddr.o_i    romdata   0x003939    program   0x000000
        .romdata_t0read.o    romdata   0x003939    program   0x000000
        .idata_t0read.o_i    romdata   0x003939    program   0x000000
      .romdata_readaddr.o    romdata   0x003939    program   0x000000
        .romdata_t2open.o    romdata   0x003939    program   0x000000
        .idata_t2open.o_i    romdata   0x003939    program   0x000000
      .idata_readdata.o_i    romdata   0x003939    program   0x000000
       .romdata_pw1open.o    romdata   0x003939    program   0x000000
       .idata_pw1open.o_i    romdata   0x003939    program   0x000000
      .romdata_fxd1616u.o    romdata   0x003939    program   0x000000
      .idata_fxd1616u.o_i    romdata   0x003939    program   0x000000
      .romdata_fxd0808u.o    romdata   0x003939    program   0x000000
      .idata_fxd0808u.o_i    romdata   0x003939    program   0x000000
      .romdata_readdata.o    romdata   0x003939    program   0x000000
          .code_t0close.o       code   0x00393a    program   0x000006
            .code_c018i.o       code   0x00393a    program   0x000000
           .code___init.o       code   0x003940    program   0x000002
.idata_Source_Integration.o_i    romdata   0x003942    program   0x000016
.config_300001_Source_Integration.o    romdata   0x300001    program   0x000001
.config_300003_Source_Integration.o    romdata   0x300003    program   0x000001
.config_300006_Source_Integration.o    romdata   0x300006    program   0x000001
                 .tmpdata      udata   0x000000       data   0x000016
                MATH_DATA      udata   0x000016       data   0x000014
                DELAYDAT2      udata   0x00002a       data   0x000001
                DELAYDAT1      udata   0x00002b       data   0x000001
.udata_Source_Integration.o      udata   0x000080       data   0x000016
.idata_Source_Integration.o      idata   0x000096       data   0x000016
           .udata_c018i.o      udata   0x0000ac       data   0x00000a
         .udata_t0write.o      udata   0x0000b6       data   0x000000
        .idata_pw1setdc.o      idata   0x0000b6       data   0x000000
        .udata_pw1setdc.o      udata   0x0000b6       data   0x000000
          .idata_t1read.o      idata   0x0000b6       data   0x000000
          .udata_t1read.o      udata   0x0000b6       data   0x000000
          .idata_t0read.o      idata   0x0000b6       data   0x000000
          .udata_t0read.o      udata   0x0000b6       data   0x000000
          .idata_t2open.o      idata   0x0000b6       data   0x000000
          .udata_t2open.o      udata   0x0000b6       data   0x000000
         .idata_pw1open.o      idata   0x0000b6       data   0x000000
         .udata_pw1open.o      udata   0x0000b6       data   0x000000
        .idata_fxd1616u.o      idata   0x0000b6       data   0x000000
        .udata_fxd1616u.o      udata   0x0000b6       data   0x000000
      .idata__user_putc.o      idata   0x0000b6       data   0x000000
      .udata__user_putc.o      udata   0x0000b6       data   0x000000
            .idata_putc.o      idata   0x0000b6       data   0x000000
            .udata_putc.o      udata   0x0000b6       data   0x000000
         .idata_fxm3232.o      idata   0x0000b6       data   0x000000
         .udata_fxm3232.o      udata   0x0000b6       data   0x000000
        .idata_fxd3232u.o      idata   0x0000b6       data   0x000000
        .udata_fxd3232u.o      udata   0x0000b6       data   0x000000
        .idata_vfprintf.o      idata   0x0000b6       data   0x000000
        .udata_vfprintf.o      udata   0x0000b6       data   0x000000
         .idata_sprintf.o      idata   0x0000b6       data   0x000000
         .udata_sprintf.o      udata   0x0000b6       data   0x000000
          .idata___init.o      idata   0x0000b6       data   0x000000
          .udata___init.o      udata   0x0000b6       data   0x000000
         .idata_t1write.o      idata   0x0000b6       data   0x000000
         .udata_t1write.o      udata   0x0000b6       data   0x000000
         .idata_t0write.o      idata   0x0000b6       data   0x000000
           .idata_c018i.o      idata   0x0000b6       data   0x000000
        .udata_busyxlcd.o      udata   0x0000b6       data   0x000000
        .idata_busyxlcd.o      idata   0x0000b6       data   0x000000
        .udata_openxlcd.o      udata   0x0000b6       data   0x000000
        .idata_openxlcd.o      idata   0x0000b6       data   0x000000
        .udata_putrxlcd.o      udata   0x0000b6       data   0x000000
        .idata_putrxlcd.o      idata   0x0000b6       data   0x000000
        .udata_putsxlcd.o      udata   0x0000b6       data   0x000000
        .idata_putsxlcd.o      idata   0x0000b6       data   0x000000
        .udata_readaddr.o      udata   0x0000b6       data   0x000000
        .idata_readaddr.o      idata   0x0000b6       data   0x000000
        .udata_readdata.o      udata   0x0000b6       data   0x000000
        .idata_readdata.o      idata   0x0000b6       data   0x000000
        .udata_setcgram.o      udata   0x0000b6       data   0x000000
        .idata_setcgram.o      idata   0x0000b6       data   0x000000
        .udata_setddram.o      udata   0x0000b6       data   0x000000
        .idata_setddram.o      idata   0x0000b6       data   0x000000
        .udata_wcmdxlcd.o      udata   0x0000b6       data   0x000000
        .idata_wcmdxlcd.o      idata   0x0000b6       data   0x000000
        .udata_writdata.o      udata   0x0000b6       data   0x000000
        .idata_writdata.o      idata   0x0000b6       data   0x000000
        .udata_pw1close.o      udata   0x0000b6       data   0x000000
        .idata_pw1close.o      idata   0x0000b6       data   0x000000
         .udata_t0close.o      udata   0x0000b6       data   0x000000
         .idata_t0close.o      idata   0x0000b6       data   0x000000
         .udata_t1close.o      udata   0x0000b6       data   0x000000
         .idata_t1close.o      idata   0x0000b6       data   0x000000
        .udata_fxd0808u.o      udata   0x0000b6       data   0x000000
        .idata_fxd0808u.o      idata   0x0000b6       data   0x000000
                   .stack      udata   0x000500       data   0x000100
            SFR_UNBANKED0      udata   0x000f80       data   0x000080



                              Program Memory Usage 
                               Start         End      
                           ---------   ---------      
                            0x000000    0x003938      
                            0x00393a    0x003957      
                            0x300001    0x300001      
                            0x300003    0x300003      
                            0x300006    0x300006      
            14682 out of 33048 program addresses used, program memory utilization is 44%



                              Symbols - Sorted by Name
                     Name    Address   Location    Storage File                     
                ---------  ---------  ---------  --------- ---------                
                 BusyXLCD   0x0036ec    program     extern C:\Users\SirDan\OneDrive\ECNG3006\Group_Project\xlcd\busyxlcd.c
                ClosePWM1   0x000014    program     extern E:\3.46\pic18-lt\cxx-framework\src\pmc_common\PWM\pw1close.c
              CloseTimer0   0x00393a    program     extern E:\3.46\pic18-lt\cxx-framework\src\pmc_common\Timers\t0close.c
              CloseTimer1   0x00000e    program     extern E:\3.46\pic18-lt\cxx-framework\src\pmc_common\Timers\t1close.c
                   D10K_1   0x00380c    program     static E:\3.46\pic18-lt\cxx-framework\src\traditional\delays\d10ktcyx.asm
                    D10Kl   0x003818    program     static E:\3.46\pic18-lt\cxx-framework\src\traditional\delays\d10ktcyx.asm
                    D10Kx   0x00380a    program     static E:\3.46\pic18-lt\cxx-framework\src\traditional\delays\d10ktcyx.asm
                    D10_1   0x003922    program     static E:\3.46\pic18-lt\cxx-framework\src\traditional\delays\d10tcyx.asm
                     D10x   0x00391a    program     static E:\3.46\pic18-lt\cxx-framework\src\traditional\delays\d10tcyx.asm
                   D1616S   0x002aaa    program     static E:\3.46\pic18-lt\cxx-framework\src\traditional\math\fxd1616s.asm
                D1616SNEG   0x002ab8    program     static E:\3.46\pic18-lt\cxx-framework\src\traditional\math\fxd1616s.asm
                 D1616SOK   0x002ab4    program     static E:\3.46\pic18-lt\cxx-framework\src\traditional\math\fxd1616s.asm
                  D1616SX   0x002aca    program     static E:\3.46\pic18-lt\cxx-framework\src\traditional\math\fxd1616s.asm
                    D1K_1   0x00388a    program     static E:\3.46\pic18-lt\cxx-framework\src\traditional\delays\d1ktcyx.asm
                     D1Kx   0x003888    program     static E:\3.46\pic18-lt\cxx-framework\src\traditional\delays\d1ktcyx.asm
                  DA1616S   0x002a9a    program     static E:\3.46\pic18-lt\cxx-framework\src\traditional\math\fxd1616s.asm
             Delay10KTCYx   0x003800    program     extern E:\3.46\pic18-lt\cxx-framework\src\traditional\delays\d10ktcyx.asm
              Delay10TCYx   0x003912    program     extern E:\3.46\pic18-lt\cxx-framework\src\traditional\delays\d10tcyx.asm
              Delay1KTCYx   0x00387e    program     extern E:\3.46\pic18-lt\cxx-framework\src\traditional\delays\d1ktcyx.asm
            DelayFor18TCY   0x000324    program     extern C:\Users\SirDan\OneDrive\ECNG3006\Group_Project\IntegrationTest.X\Source_Integration.c
             DelayPORXLCD   0x00034c    program     extern C:\Users\SirDan\OneDrive\ECNG3006\Group_Project\IntegrationTest.X\Source_Integration.c
                DelayXLCD   0x00035a    program     extern C:\Users\SirDan\OneDrive\ECNG3006\Group_Project\IntegrationTest.X\Source_Integration.c
                 FLO0832S   0x002838    program     extern E:\3.46\pic18-lt\cxx-framework\src\traditional\math\cast08FP.asm
                 FLO0832U   0x002834    program     extern E:\3.46\pic18-lt\cxx-framework\src\traditional\math\cast08FP.asm
                 FLO1632S   0x00285a    program     extern E:\3.46\pic18-lt\cxx-framework\src\traditional\math\cast16FP.asm
                 FLO1632U   0x002856    program     extern E:\3.46\pic18-lt\cxx-framework\src\traditional\math\cast16FP.asm
                    FPA32   0x002882    program     extern E:\3.46\pic18-lt\cxx-framework\src\traditional\math\addFP.asm
                    FPM32   0x0029ae    program     extern E:\3.46\pic18-lt\cxx-framework\src\traditional\math\mulFP.asm
                    FPS32   0x002880    program     extern E:\3.46\pic18-lt\cxx-framework\src\traditional\math\addFP.asm
                 FXD0808U   0x0038f6    program     extern E:\3.46\pic18-lt\cxx-framework\src\traditional\math\fxd0808u.c
                 FXD1616S   0x002a88    program     extern E:\3.46\pic18-lt\cxx-framework\src\traditional\math\fxd1616s.asm
                 FXD1616U   0x00382e    program     extern E:\3.46\pic18-lt\cxx-framework\src\traditional\math\fxd1616u.c
                 FXD3232U   0x003628    program     extern E:\3.46\pic18-lt\cxx-framework\src\traditional\math\fxd3232u.c
                 FXM1616S   0x002ad4    program     extern E:\3.46\pic18-lt\cxx-framework\src\traditional\math\fxm1616s.asm
                  FXM3232   0x003282    program     extern E:\3.46\pic18-lt\cxx-framework\src\traditional\math\fxm3232.c
               Flash_home   0x001bb2    program     extern C:\Users\SirDan\OneDrive\ECNG3006\Group_Project\IntegrationTest.X\Source_Integration.c
                  Glucose   0x001062    program     extern C:\Users\SirDan\OneDrive\ECNG3006\Group_Project\IntegrationTest.X\Source_Integration.c
              Glucose_ROM   0x00106a    program     extern C:\Users\SirDan\OneDrive\ECNG3006\Group_Project\IntegrationTest.X\Source_Integration.c
                      HRV   0x00106e    program     extern C:\Users\SirDan\OneDrive\ECNG3006\Group_Project\IntegrationTest.X\Source_Integration.c
                  HRV_ROM   0x001704    program     extern C:\Users\SirDan\OneDrive\ECNG3006\Group_Project\IntegrationTest.X\Source_Integration.c
              HRV_display   0x001546    program     extern C:\Users\SirDan\OneDrive\ECNG3006\Group_Project\IntegrationTest.X\Source_Integration.c
                 HRV_init   0x001086    program     extern C:\Users\SirDan\OneDrive\ECNG3006\Group_Project\IntegrationTest.X\Source_Integration.c
              HRV_process   0x001232    program     extern C:\Users\SirDan\OneDrive\ECNG3006\Group_Project\IntegrationTest.X\Source_Integration.c
              HRV_startup   0x0010ce    program     extern C:\Users\SirDan\OneDrive\ECNG3006\Group_Project\IntegrationTest.X\Source_Integration.c
                HeartRate   0x000828    program     extern C:\Users\SirDan\OneDrive\ECNG3006\Group_Project\IntegrationTest.X\Source_Integration.c
            HeartRate_ROM   0x000f20    program     extern C:\Users\SirDan\OneDrive\ECNG3006\Group_Project\IntegrationTest.X\Source_Integration.c
      HeartRate_countdown   0x000a02    program     extern C:\Users\SirDan\OneDrive\ECNG3006\Group_Project\IntegrationTest.X\Source_Integration.c
        HeartRate_display   0x000d30    program     extern C:\Users\SirDan\OneDrive\ECNG3006\Group_Project\IntegrationTest.X\Source_Integration.c
           HeartRate_init   0x000854    program     extern C:\Users\SirDan\OneDrive\ECNG3006\Group_Project\IntegrationTest.X\Source_Integration.c
        HeartRate_process   0x000c98    program     extern C:\Users\SirDan\OneDrive\ECNG3006\Group_Project\IntegrationTest.X\Source_Integration.c
        HeartRate_startup   0x00089e    program     extern C:\Users\SirDan\OneDrive\ECNG3006\Group_Project\IntegrationTest.X\Source_Integration.c
                  INT3216   0x002b2e    program     extern E:\3.46\pic18-lt\cxx-framework\src\traditional\math\castFP16.asm
              KeyPad_init   0x000648    program     extern C:\Users\SirDan\OneDrive\ECNG3006\Group_Project\IntegrationTest.X\Source_Integration.c
              KeyPad_read   0x000664    program     extern C:\Users\SirDan\OneDrive\ECNG3006\Group_Project\IntegrationTest.X\Source_Integration.c
                 LCD_home   0x0003b6    program     extern C:\Users\SirDan\OneDrive\ECNG3006\Group_Project\IntegrationTest.X\Source_Integration.c
                 LCD_init   0x000368    program     extern C:\Users\SirDan\OneDrive\ECNG3006\Group_Project\IntegrationTest.X\Source_Integration.c
                 OpenPWM1   0x0037d0    program     extern E:\3.46\pic18-lt\cxx-framework\src\pmc_common\PWM\pw1open.c
         OpenPWM1ConfigIO   0x0037fc    program     extern E:\3.46\pic18-lt\cxx-framework\src\pmc_common\PWM\pw1open.c
               OpenTimer2   0x00379a    program     extern E:\3.46\pic18-lt\cxx-framework\src\pmc_common\Timers\t2open.c
                 OpenXLCD   0x002f52    program     extern C:\Users\SirDan\OneDrive\ECNG3006\Group_Project\xlcd\openxlcd.c
             ReadAddrXLCD   0x0035d6    program     extern C:\Users\SirDan\OneDrive\ECNG3006\Group_Project\xlcd\readaddr.c
             ReadDataXLCD   0x003584    program     extern C:\Users\SirDan\OneDrive\ECNG3006\Group_Project\xlcd\readdata.c
               ReadTimer0   0x0036ae    program     extern E:\3.46\pic18-lt\cxx-framework\src\pmc_common\Timers\t0read.c
               ReadTimer1   0x003670    program     extern E:\3.46\pic18-lt\cxx-framework\src\pmc_common\Timers\t1read.c
             SetCGRamAddr   0x0033b6    program     extern C:\Users\SirDan\OneDrive\ECNG3006\Group_Project\xlcd\setcgram.c
                SetDCPWM1   0x003414    program     extern E:\3.46\pic18-lt\cxx-framework\src\pmc_common\PWM\pw1setdc.c
             SetDDRamAddr   0x003358    program     extern C:\Users\SirDan\OneDrive\ECNG3006\Group_Project\xlcd\setddram.c
             Speaker_high   0x000fb2    program     extern C:\Users\SirDan\OneDrive\ECNG3006\Group_Project\IntegrationTest.X\Source_Integration.c
              Speaker_low   0x000f24    program     extern C:\Users\SirDan\OneDrive\ECNG3006\Group_Project\IntegrationTest.X\Source_Integration.c
                  TAGTB32   0x002b8c    program     extern E:\3.46\pic18-lt\cxx-framework\src\traditional\math\gtFP.asm
               TSIGN1616A   0x002b20    program     static E:\3.46\pic18-lt\cxx-framework\src\traditional\math\fxm1616s.asm
             Temp_convert   0x0017e4    program     extern C:\Users\SirDan\OneDrive\ECNG3006\Group_Project\IntegrationTest.X\Source_Integration.c
             Temp_display   0x001ab8    program     extern C:\Users\SirDan\OneDrive\ECNG3006\Group_Project\IntegrationTest.X\Source_Integration.c
              Temp_format   0x00183a    program     extern C:\Users\SirDan\OneDrive\ECNG3006\Group_Project\IntegrationTest.X\Source_Integration.c
            Temp_get_frac   0x001846    program     extern C:\Users\SirDan\OneDrive\ECNG3006\Group_Project\IntegrationTest.X\Source_Integration.c
             Temp_get_int   0x001a0c    program     extern C:\Users\SirDan\OneDrive\ECNG3006\Group_Project\IntegrationTest.X\Source_Integration.c
                Temp_home   0x001730    program     extern C:\Users\SirDan\OneDrive\ECNG3006\Group_Project\IntegrationTest.X\Source_Integration.c
          Temp_init_PORTC   0x0017de    program     extern C:\Users\SirDan\OneDrive\ECNG3006\Group_Project\IntegrationTest.X\Source_Integration.c
        Temp_read_Command   0x00180e    program     extern C:\Users\SirDan\OneDrive\ECNG3006\Group_Project\IntegrationTest.X\Source_Integration.c
              Temperature   0x001708    program     extern C:\Users\SirDan\OneDrive\ECNG3006\Group_Project\IntegrationTest.X\Source_Integration.c
             WriteCmdXLCD   0x0034ce    program     extern C:\Users\SirDan\OneDrive\ECNG3006\Group_Project\xlcd\wcmdxlcd.c
            WriteDataXLCD   0x003472    program     extern C:\Users\SirDan\OneDrive\ECNG3006\Group_Project\xlcd\writdata.c
              WriteTimer0   0x003762    program     extern E:\3.46\pic18-lt\cxx-framework\src\pmc_common\Timers\t0write.c
              WriteTimer1   0x00372a    program     extern E:\3.46\pic18-lt\cxx-framework\src\pmc_common\Timers\t1write.c
                   _2jEnd   0x003342    program     static E:\3.46\pic18-lt\cxx-framework\src\traditional\stdclib\slenpgm.asm
       _D10KTCYXCODE_0010   0x003810    program     static E:\3.46\pic18-lt\cxx-framework\src\traditional\delays\d10ktcyx.asm
       _D10KTCYXCODE_001C   0x00381c    program     static E:\3.46\pic18-lt\cxx-framework\src\traditional\delays\d10ktcyx.asm
        _D10TCYXCODE_000A   0x00391c    program     static E:\3.46\pic18-lt\cxx-framework\src\traditional\delays\d10tcyx.asm
        _D10TCYXCODE_000C   0x00391e    program     static E:\3.46\pic18-lt\cxx-framework\src\traditional\delays\d10tcyx.asm
        _D10TCYXCODE_000E   0x003920    program     static E:\3.46\pic18-lt\cxx-framework\src\traditional\delays\d10tcyx.asm
        _D1KTCYXCODE_0010   0x00388e    program     static E:\3.46\pic18-lt\cxx-framework\src\traditional\delays\d1ktcyx.asm
        _D1KTCYXCODE_0016   0x003894    program     static E:\3.46\pic18-lt\cxx-framework\src\traditional\delays\d1ktcyx.asm
              __FpCompare   0x002b9e    program     extern E:\3.46\pic18-lt\cxx-framework\src\traditional\math\compFP.asm
                 __FpExit   0x002c54    program     extern E:\3.46\pic18-lt\cxx-framework\src\traditional\math\packFP.asm
                 __FpPack   0x002c80    program     extern E:\3.46\pic18-lt\cxx-framework\src\traditional\math\packFP.asm
            __FpReturnNaN   0x002c48    program     extern E:\3.46\pic18-lt\cxx-framework\src\traditional\math\packFP.asm
         __FpReturnNegInf   0x002c5a    program     extern E:\3.46\pic18-lt\cxx-framework\src\traditional\math\packFP.asm
        __FpReturnNegZero   0x002c72    program     extern E:\3.46\pic18-lt\cxx-framework\src\traditional\math\packFP.asm
         __FpReturnPosInf   0x002c60    program     extern E:\3.46\pic18-lt\cxx-framework\src\traditional\math\packFP.asm
        __FpReturnPosZero   0x002c7a    program     extern E:\3.46\pic18-lt\cxx-framework\src\traditional\math\packFP.asm
        __FpReturnSignInf   0x002c56    program     extern E:\3.46\pic18-lt\cxx-framework\src\traditional\math\packFP.asm
       __FpReturnSignZero   0x002c6e    program     extern E:\3.46\pic18-lt\cxx-framework\src\traditional\math\packFP.asm
              __FpReturnW   0x002cd8    program     extern E:\3.46\pic18-lt\cxx-framework\src\traditional\math\packFP.asm
              __FpUnPackA   0x002cf8    program     extern E:\3.46\pic18-lt\cxx-framework\src\traditional\math\UnpackFP.asm
              __FpUnPackB   0x002d28    program     extern E:\3.46\pic18-lt\cxx-framework\src\traditional\math\UnpackFP.asm
          ___for_lbl00006   0x000182    program     static                          
          ___for_lbl00007   0x000188    program     static                          
          ___for_lbl00008   0x000126    program     static                          
           ___if_lbl00014   0x0002b8    program     static                          
           ___if_lbl00109   0x00083e    program     static                          
       ___return_lbl00000   0x000004    program     static                          
       ___return_lbl00000   0x003858    program     static                          
       ___return_lbl00000   0x0032f0    program     static                          
       ___return_lbl00000   0x00366e    program     static                          
       ___return_lbl00000   0x003910    program     static                          
       ___return_lbl00001   0x0038d8    program     static                          
       ___return_lbl00002   0x003186    program     static                          
       ___return_lbl00005   0x00018c    program     static                          
       ___return_lbl00009   0x00000c    program     static                          
       ___return_lbl00012   0x00001c    program     static                          
       ___return_lbl00013   0x0002b8    program     static                          
       ___return_lbl00015   0x000322    program     static                          
       ___return_lbl00016   0x00034a    program     static                          
       ___return_lbl00108   0x000852    program     static                          
       ___return_lbl00190   0x001068    program     static                          
       ___return_lbl00192   0x001084    program     static                          
       ___return_lbl00259   0x00172e    program     static                          
       ___return_lbl00270   0x001844    program     static                          
               __config_0   0x300001    program     static C:\Users\SirDan\OneDrive\ECNG3006\Group_Project\IntegrationTest.X\Source_Integration.c
               __config_1   0x300003    program     static C:\Users\SirDan\OneDrive\ECNG3006\Group_Project\IntegrationTest.X\Source_Integration.c
               __config_2   0x300006    program     static C:\Users\SirDan\OneDrive\ECNG3006\Group_Project\IntegrationTest.X\Source_Integration.c
                   __init   0x003940    program     extern E:\3.46\pic18-lt\cxx-framework\src\traditional\stdclib\__init.c
                   __pa_0   0x002552    program     static E:\3.46\pic18-lt\cxx-framework\src\traditional\stdclib\vfprintf.c
                   __pa_1   0x00255a    program     static E:\3.46\pic18-lt\cxx-framework\src\traditional\stdclib\vfprintf.c
                  __pa_10   0x00260e    program     static E:\3.46\pic18-lt\cxx-framework\src\traditional\stdclib\vfprintf.c
                  __pa_11   0x00261c    program     static E:\3.46\pic18-lt\cxx-framework\src\traditional\stdclib\vfprintf.c
                  __pa_12   0x002632    program     static E:\3.46\pic18-lt\cxx-framework\src\traditional\stdclib\vfprintf.c
                  __pa_13   0x00264c    program     static E:\3.46\pic18-lt\cxx-framework\src\traditional\stdclib\vfprintf.c
                  __pa_14   0x002664    program     static E:\3.46\pic18-lt\cxx-framework\src\traditional\stdclib\vfprintf.c
                  __pa_15   0x002674    program     static E:\3.46\pic18-lt\cxx-framework\src\traditional\stdclib\vfprintf.c
                  __pa_16   0x00268a    program     static E:\3.46\pic18-lt\cxx-framework\src\traditional\stdclib\vfprintf.c
                  __pa_17   0x00269c    program     static E:\3.46\pic18-lt\cxx-framework\src\traditional\stdclib\vfprintf.c
                  __pa_18   0x0026ae    program     static E:\3.46\pic18-lt\cxx-framework\src\traditional\stdclib\vfprintf.c
                  __pa_19   0x0026b8    program     static E:\3.46\pic18-lt\cxx-framework\src\traditional\stdclib\vfprintf.c
                   __pa_2   0x002564    program     static E:\3.46\pic18-lt\cxx-framework\src\traditional\stdclib\vfprintf.c
                  __pa_20   0x0026c8    program     static E:\3.46\pic18-lt\cxx-framework\src\traditional\stdclib\vfprintf.c
                  __pa_21   0x0026d8    program     static E:\3.46\pic18-lt\cxx-framework\src\traditional\stdclib\vfprintf.c
                  __pa_22   0x0026e8    program     static E:\3.46\pic18-lt\cxx-framework\src\traditional\stdclib\vfprintf.c
                  __pa_23   0x0026f4    program     static E:\3.46\pic18-lt\cxx-framework\src\traditional\stdclib\vfprintf.c
                  __pa_24   0x002702    program     static E:\3.46\pic18-lt\cxx-framework\src\traditional\stdclib\vfprintf.c
                  __pa_25   0x00270a    program     static E:\3.46\pic18-lt\cxx-framework\src\traditional\stdclib\vfprintf.c
                  __pa_26   0x002714    program     static E:\3.46\pic18-lt\cxx-framework\src\traditional\stdclib\vfprintf.c
                  __pa_27   0x00271e    program     static E:\3.46\pic18-lt\cxx-framework\src\traditional\stdclib\vfprintf.c
                  __pa_28   0x002726    program     static E:\3.46\pic18-lt\cxx-framework\src\traditional\stdclib\vfprintf.c
                  __pa_29   0x002734    program     static E:\3.46\pic18-lt\cxx-framework\src\traditional\stdclib\vfprintf.c
                   __pa_3   0x00256e    program     static E:\3.46\pic18-lt\cxx-framework\src\traditional\stdclib\vfprintf.c
                  __pa_30   0x002750    program     static E:\3.46\pic18-lt\cxx-framework\src\traditional\stdclib\vfprintf.c
                  __pa_31   0x00276a    program     static E:\3.46\pic18-lt\cxx-framework\src\traditional\stdclib\vfprintf.c
                  __pa_32   0x002784    program     static E:\3.46\pic18-lt\cxx-framework\src\traditional\stdclib\vfprintf.c
                  __pa_33   0x00279c    program     static E:\3.46\pic18-lt\cxx-framework\src\traditional\stdclib\vfprintf.c
                  __pa_34   0x0027a6    program     static E:\3.46\pic18-lt\cxx-framework\src\traditional\stdclib\vfprintf.c
                  __pa_35   0x0027b4    program     static E:\3.46\pic18-lt\cxx-framework\src\traditional\stdclib\vfprintf.c
                  __pa_36   0x0027bc    program     static E:\3.46\pic18-lt\cxx-framework\src\traditional\stdclib\vfprintf.c
                  __pa_37   0x0027c6    program     static E:\3.46\pic18-lt\cxx-framework\src\traditional\stdclib\vfprintf.c
                  __pa_38   0x0027d6    program     static E:\3.46\pic18-lt\cxx-framework\src\traditional\stdclib\vfprintf.c
                  __pa_39   0x0027e4    program     static E:\3.46\pic18-lt\cxx-framework\src\traditional\stdclib\vfprintf.c
                   __pa_4   0x002586    program     static E:\3.46\pic18-lt\cxx-framework\src\traditional\stdclib\vfprintf.c
                  __pa_40   0x0027f0    program     static E:\3.46\pic18-lt\cxx-framework\src\traditional\stdclib\vfprintf.c
                  __pa_41   0x0027fc    program     static E:\3.46\pic18-lt\cxx-framework\src\traditional\stdclib\vfprintf.c
                  __pa_42   0x002804    program     static E:\3.46\pic18-lt\cxx-framework\src\traditional\stdclib\vfprintf.c
                  __pa_43   0x00280e    program     static E:\3.46\pic18-lt\cxx-framework\src\traditional\stdclib\vfprintf.c
                  __pa_44   0x002814    program     static E:\3.46\pic18-lt\cxx-framework\src\traditional\stdclib\vfprintf.c
                  __pa_45   0x00281e    program     static E:\3.46\pic18-lt\cxx-framework\src\traditional\stdclib\vfprintf.c
                  __pa_46   0x00282a    program     static E:\3.46\pic18-lt\cxx-framework\src\traditional\stdclib\vfprintf.c
                   __pa_5   0x00259a    program     static E:\3.46\pic18-lt\cxx-framework\src\traditional\stdclib\vfprintf.c
                   __pa_6   0x0025b6    program     static E:\3.46\pic18-lt\cxx-framework\src\traditional\stdclib\vfprintf.c
                   __pa_7   0x0025c0    program     static E:\3.46\pic18-lt\cxx-framework\src\traditional\stdclib\vfprintf.c
                   __pa_8   0x0025cc    program     static E:\3.46\pic18-lt\cxx-framework\src\traditional\stdclib\vfprintf.c
                   __pa_9   0x0025ee    program     static E:\3.46\pic18-lt\cxx-framework\src\traditional\stdclib\vfprintf.c
               __string_0   0x002f3d    program     static C:\Users\SirDan\OneDrive\ECNG3006\Group_Project\IntegrationTest.X\Source_Integration.c
               __string_1   0x002f2b    program     static C:\Users\SirDan\OneDrive\ECNG3006\Group_Project\IntegrationTest.X\Source_Integration.c
              __string_10   0x002e98    program     static C:\Users\SirDan\OneDrive\ECNG3006\Group_Project\IntegrationTest.X\Source_Integration.c
              __string_11   0x002e8b    program     static C:\Users\SirDan\OneDrive\ECNG3006\Group_Project\IntegrationTest.X\Source_Integration.c
              __string_12   0x002e86    program     static C:\Users\SirDan\OneDrive\ECNG3006\Group_Project\IntegrationTest.X\Source_Integration.c
              __string_13   0x002e82    program     static C:\Users\SirDan\OneDrive\ECNG3006\Group_Project\IntegrationTest.X\Source_Integration.c
              __string_14   0x002e80    program     static C:\Users\SirDan\OneDrive\ECNG3006\Group_Project\IntegrationTest.X\Source_Integration.c
              __string_15   0x002e6f    program     static C:\Users\SirDan\OneDrive\ECNG3006\Group_Project\IntegrationTest.X\Source_Integration.c
              __string_16   0x002e6b    program     static C:\Users\SirDan\OneDrive\ECNG3006\Group_Project\IntegrationTest.X\Source_Integration.c
              __string_17   0x002e67    program     static C:\Users\SirDan\OneDrive\ECNG3006\Group_Project\IntegrationTest.X\Source_Integration.c
              __string_18   0x002e63    program     static C:\Users\SirDan\OneDrive\ECNG3006\Group_Project\IntegrationTest.X\Source_Integration.c
              __string_19   0x002e5f    program     static C:\Users\SirDan\OneDrive\ECNG3006\Group_Project\IntegrationTest.X\Source_Integration.c
               __string_2   0x002f16    program     static C:\Users\SirDan\OneDrive\ECNG3006\Group_Project\IntegrationTest.X\Source_Integration.c
              __string_20   0x002e5b    program     static C:\Users\SirDan\OneDrive\ECNG3006\Group_Project\IntegrationTest.X\Source_Integration.c
              __string_21   0x002e57    program     static C:\Users\SirDan\OneDrive\ECNG3006\Group_Project\IntegrationTest.X\Source_Integration.c
              __string_22   0x002e53    program     static C:\Users\SirDan\OneDrive\ECNG3006\Group_Project\IntegrationTest.X\Source_Integration.c
              __string_23   0x002e4f    program     static C:\Users\SirDan\OneDrive\ECNG3006\Group_Project\IntegrationTest.X\Source_Integration.c
              __string_24   0x002e4b    program     static C:\Users\SirDan\OneDrive\ECNG3006\Group_Project\IntegrationTest.X\Source_Integration.c
              __string_25   0x002e47    program     static C:\Users\SirDan\OneDrive\ECNG3006\Group_Project\IntegrationTest.X\Source_Integration.c
              __string_26   0x002e43    program     static C:\Users\SirDan\OneDrive\ECNG3006\Group_Project\IntegrationTest.X\Source_Integration.c
              __string_27   0x002e3f    program     static C:\Users\SirDan\OneDrive\ECNG3006\Group_Project\IntegrationTest.X\Source_Integration.c
              __string_28   0x002e3b    program     static C:\Users\SirDan\OneDrive\ECNG3006\Group_Project\IntegrationTest.X\Source_Integration.c
              __string_29   0x002e37    program     static C:\Users\SirDan\OneDrive\ECNG3006\Group_Project\IntegrationTest.X\Source_Integration.c
               __string_3   0x002f04    program     static C:\Users\SirDan\OneDrive\ECNG3006\Group_Project\IntegrationTest.X\Source_Integration.c
              __string_30   0x002e33    program     static C:\Users\SirDan\OneDrive\ECNG3006\Group_Project\IntegrationTest.X\Source_Integration.c
              __string_31   0x002e2f    program     static C:\Users\SirDan\OneDrive\ECNG3006\Group_Project\IntegrationTest.X\Source_Integration.c
              __string_32   0x002e21    program     static C:\Users\SirDan\OneDrive\ECNG3006\Group_Project\IntegrationTest.X\Source_Integration.c
              __string_33   0x002e1a    program     static C:\Users\SirDan\OneDrive\ECNG3006\Group_Project\IntegrationTest.X\Source_Integration.c
              __string_34   0x002e07    program     static C:\Users\SirDan\OneDrive\ECNG3006\Group_Project\IntegrationTest.X\Source_Integration.c
              __string_35   0x002df3    program     static C:\Users\SirDan\OneDrive\ECNG3006\Group_Project\IntegrationTest.X\Source_Integration.c
              __string_36   0x002de0    program     static C:\Users\SirDan\OneDrive\ECNG3006\Group_Project\IntegrationTest.X\Source_Integration.c
              __string_37   0x002dd3    program     static C:\Users\SirDan\OneDrive\ECNG3006\Group_Project\IntegrationTest.X\Source_Integration.c
              __string_38   0x002dc4    program     static C:\Users\SirDan\OneDrive\ECNG3006\Group_Project\IntegrationTest.X\Source_Integration.c
              __string_39   0x002dbf    program     static C:\Users\SirDan\OneDrive\ECNG3006\Group_Project\IntegrationTest.X\Source_Integration.c
               __string_4   0x002ef6    program     static C:\Users\SirDan\OneDrive\ECNG3006\Group_Project\IntegrationTest.X\Source_Integration.c
              __string_40   0x002dba    program     static C:\Users\SirDan\OneDrive\ECNG3006\Group_Project\IntegrationTest.X\Source_Integration.c
              __string_41   0x002dae    program     static C:\Users\SirDan\OneDrive\ECNG3006\Group_Project\IntegrationTest.X\Source_Integration.c
              __string_42   0x002d9b    program     static C:\Users\SirDan\OneDrive\ECNG3006\Group_Project\IntegrationTest.X\Source_Integration.c
              __string_43   0x002d8f    program     static C:\Users\SirDan\OneDrive\ECNG3006\Group_Project\IntegrationTest.X\Source_Integration.c
              __string_44   0x002d7b    program     static C:\Users\SirDan\OneDrive\ECNG3006\Group_Project\IntegrationTest.X\Source_Integration.c
              __string_45   0x002d6f    program     static C:\Users\SirDan\OneDrive\ECNG3006\Group_Project\IntegrationTest.X\Source_Integration.c
              __string_46   0x002d63    program     static C:\Users\SirDan\OneDrive\ECNG3006\Group_Project\IntegrationTest.X\Source_Integration.c
              __string_47   0x002d54    program     static C:\Users\SirDan\OneDrive\ECNG3006\Group_Project\IntegrationTest.X\Source_Integration.c
               __string_5   0x002ee7    program     static C:\Users\SirDan\OneDrive\ECNG3006\Group_Project\IntegrationTest.X\Source_Integration.c
               __string_6   0x002ed6    program     static C:\Users\SirDan\OneDrive\ECNG3006\Group_Project\IntegrationTest.X\Source_Integration.c
               __string_7   0x002ec5    program     static C:\Users\SirDan\OneDrive\ECNG3006\Group_Project\IntegrationTest.X\Source_Integration.c
               __string_8   0x002ec0    program     static C:\Users\SirDan\OneDrive\ECNG3006\Group_Project\IntegrationTest.X\Source_Integration.c
               __string_9   0x002eab    program     static C:\Users\SirDan\OneDrive\ECNG3006\Group_Project\IntegrationTest.X\Source_Integration.c
               __tmplbl_1   0x00013a    program     static                          
              __tmplbl_42   0x0026e8    program     static                          
              __tmplbl_43   0x002530    program     static                          
              __tmplbl_44   0x002516    program     static                          
              __tmplbl_85   0x001c68    program     static                          
            __zero_memory   0x00389e    program     extern E:\3.46\pic18-lt\cxx-framework\src\traditional\proc\p18f452.asm
                _do_cinit   0x0030ea    program     extern E:\3.46\pic18-lt\cxx-framework\src\traditional\startup\c018i.c
                   _entry   0x000000    program     extern E:\3.46\pic18-lt\cxx-framework\src\traditional\startup\c018i.c
                   _false   0x00366a    program     static                          
                 _startup   0x0038be    program     extern E:\3.46\pic18-lt\cxx-framework\src\traditional\startup\c018i.c
              _usart_putc   0x0038da    program     extern E:\3.46\pic18-lt\cxx-framework\src\pmc_common\USART\_usartpc.asm
               _user_putc   0x000006    program     extern E:\3.46\pic18-lt\cxx-framework\src\traditional\stdclib\_user_putc.c
                compare_l   0x0038b4    program     static E:\3.46\pic18-lt\cxx-framework\src\traditional\proc\p18f452.asm
                copy_loop   0x00315c    program     static                          
            copy_one_byte   0x003162    program     static                          
                     done   0x003186    program     static                          
             done_copying   0x003170    program     static                          
                  endloop   0x00390c    program     static                          
                  endloop   0x003854    program     static                          
                 high_ISR   0x00019c    program     extern C:\Users\SirDan\OneDrive\ECNG3006\Group_Project\IntegrationTest.X\Source_Integration.c
    high_interrupt_vector   0x000008    program     extern C:\Users\SirDan\OneDrive\ECNG3006\Group_Project\IntegrationTest.X\Source_Integration.c
  interrupt_at_low_vector   0x000018    program     extern C:\Users\SirDan\OneDrive\ECNG3006\Group_Project\IntegrationTest.X\Source_Integration.c
                  isdigit   0x00385a    program     extern E:\3.46\pic18-lt\cxx-framework\src\traditional\stdclib\isdigit.asm
                 jANotInf   0x0028aa    program     static E:\3.46\pic18-lt\cxx-framework\src\traditional\math\addFP.asm
                 jANotInf   0x0029cc    program     static E:\3.46\pic18-lt\cxx-framework\src\traditional\math\mulFP.asm
                 jANotNeg   0x00293e    program     static E:\3.46\pic18-lt\cxx-framework\src\traditional\math\addFP.asm
              jAandWsetup   0x00290e    program     static E:\3.46\pic18-lt\cxx-framework\src\traditional\math\addFP.asm
                  jAisNeg   0x002c1a    program     static E:\3.46\pic18-lt\cxx-framework\src\traditional\math\compFP.asm
                 jAltBexp   0x0028fc    program     static E:\3.46\pic18-lt\cxx-framework\src\traditional\math\addFP.asm
                jBANotInf   0x0028a0    program     static E:\3.46\pic18-lt\cxx-framework\src\traditional\math\addFP.asm
                 jBNotInf   0x0028b8    program     static E:\3.46\pic18-lt\cxx-framework\src\traditional\math\addFP.asm
              jBothFinite   0x0029da    program     static E:\3.46\pic18-lt\cxx-framework\src\traditional\math\mulFP.asm
             jBothNotZero   0x0029e6    program     static E:\3.46\pic18-lt\cxx-framework\src\traditional\math\mulFP.asm
             jBothNotZero   0x002bbc    program     static E:\3.46\pic18-lt\cxx-framework\src\traditional\math\compFP.asm
            jDifOrPosSign   0x0028cc    program     static E:\3.46\pic18-lt\cxx-framework\src\traditional\math\addFP.asm
                      jEQ   0x002bd8    program     static E:\3.46\pic18-lt\cxx-framework\src\traditional\math\compFP.asm
                     jEnd   0x003344    program     static E:\3.46\pic18-lt\cxx-framework\src\traditional\stdclib\slenpgm.asm
                     jEnd   0x00330c    program     static E:\3.46\pic18-lt\cxx-framework\src\traditional\stdclib\strlen.asm
                    jExch   0x002be4    program     static E:\3.46\pic18-lt\cxx-framework\src\traditional\math\compFP.asm
                    jExit   0x002b8a    program     static E:\3.46\pic18-lt\cxx-framework\src\traditional\math\castFP16.asm
                   jExpEQ   0x002c2a    program     static E:\3.46\pic18-lt\cxx-framework\src\traditional\math\compFP.asm
                   jFinal   0x002c0e    program     static E:\3.46\pic18-lt\cxx-framework\src\traditional\math\compFP.asm
               jFinalSign   0x0029a6    program     static E:\3.46\pic18-lt\cxx-framework\src\traditional\math\addFP.asm
                jHaveZero   0x0029e2    program     static E:\3.46\pic18-lt\cxx-framework\src\traditional\math\mulFP.asm
                jI2F08Beg   0x002842    program     static E:\3.46\pic18-lt\cxx-framework\src\traditional\math\cast08FP.asm
                jI2F16Beg   0x00286a    program     static E:\3.46\pic18-lt\cxx-framework\src\traditional\math\cast16FP.asm
                    jLoop   0x003302    program     static E:\3.46\pic18-lt\cxx-framework\src\traditional\stdclib\strlen.asm
                    jLoop   0x002b6a    program     static E:\3.46\pic18-lt\cxx-framework\src\traditional\math\castFP16.asm
                    jLoop   0x00332c    program     static E:\3.46\pic18-lt\cxx-framework\src\traditional\stdclib\slenpgm.asm
                jLoopExit   0x002b7a    program     static E:\3.46\pic18-lt\cxx-framework\src\traditional\math\castFP16.asm
                   jMatch   0x00387a    program     static E:\3.46\pic18-lt\cxx-framework\src\traditional\stdclib\isdigit.asm
                     jMax   0x002b3e    program     static E:\3.46\pic18-lt\cxx-framework\src\traditional\math\castFP16.asm
                  jMaxNeg   0x002b4c    program     static E:\3.46\pic18-lt\cxx-framework\src\traditional\math\castFP16.asm
                  jMaxPos   0x002b42    program     static E:\3.46\pic18-lt\cxx-framework\src\traditional\math\castFP16.asm
                      jNE   0x002bdc    program     static E:\3.46\pic18-lt\cxx-framework\src\traditional\math\compFP.asm
                  jNoExch   0x002c04    program     static E:\3.46\pic18-lt\cxx-framework\src\traditional\math\compFP.asm
                 jNoMatch   0x00387c    program     static E:\3.46\pic18-lt\cxx-framework\src\traditional\stdclib\isdigit.asm
             jNotBothZero   0x0028d0    program     static E:\3.46\pic18-lt\cxx-framework\src\traditional\math\addFP.asm
                  jNotInf   0x002b5a    program     static E:\3.46\pic18-lt\cxx-framework\src\traditional\math\castFP16.asm
                  jPkLoop   0x002c8e    program     static E:\3.46\pic18-lt\cxx-framework\src\traditional\math\packFP.asm
             jPkRoundDone   0x002cd8    program     static E:\3.46\pic18-lt\cxx-framework\src\traditional\math\packFP.asm
               jPkRoundIt   0x002cc0    program     static E:\3.46\pic18-lt\cxx-framework\src\traditional\math\packFP.asm
             jPkShiftDone   0x002caa    program     static E:\3.46\pic18-lt\cxx-framework\src\traditional\math\packFP.asm
           jReturnPosInf0   0x002c64    program     static E:\3.46\pic18-lt\cxx-framework\src\traditional\math\packFP.asm
                  jRotate   0x002c36    program     static E:\3.46\pic18-lt\cxx-framework\src\traditional\math\compFP.asm
                   jShift   0x002c20    program     static E:\3.46\pic18-lt\cxx-framework\src\traditional\math\compFP.asm
               jShiftDone   0x002966    program     static E:\3.46\pic18-lt\cxx-framework\src\traditional\math\addFP.asm
               jShiftLoop   0x002958    program     static E:\3.46\pic18-lt\cxx-framework\src\traditional\math\addFP.asm
                jSignDone   0x002996    program     static E:\3.46\pic18-lt\cxx-framework\src\traditional\math\addFP.asm
                 jSignsEQ   0x002bc0    program     static E:\3.46\pic18-lt\cxx-framework\src\traditional\math\compFP.asm
                  jUnpkA1   0x002d02    program     static E:\3.46\pic18-lt\cxx-framework\src\traditional\math\UnpackFP.asm
                  jUnpkA2   0x002d1a    program     static E:\3.46\pic18-lt\cxx-framework\src\traditional\math\UnpackFP.asm
                 jUnpkANZ   0x002d10    program     static E:\3.46\pic18-lt\cxx-framework\src\traditional\math\UnpackFP.asm
                  jUnpkB1   0x002d32    program     static E:\3.46\pic18-lt\cxx-framework\src\traditional\math\UnpackFP.asm
                  jUnpkB2   0x002d4a    program     static E:\3.46\pic18-lt\cxx-framework\src\traditional\math\UnpackFP.asm
                 jUnpkBNZ   0x002d40    program     static E:\3.46\pic18-lt\cxx-framework\src\traditional\math\UnpackFP.asm
                 jUnpkNaN   0x002d24    program     static E:\3.46\pic18-lt\cxx-framework\src\traditional\math\UnpackFP.asm
                 jWNotNeg   0x002952    program     static E:\3.46\pic18-lt\cxx-framework\src\traditional\math\addFP.asm
                    jZero   0x002b54    program     static E:\3.46\pic18-lt\cxx-framework\src\traditional\math\castFP16.asm
               jZero1and2   0x002c68    program     static E:\3.46\pic18-lt\cxx-framework\src\traditional\math\packFP.asm
                     loop   0x003838    program     static                          
                     loop   0x003636    program     static                          
                     loop   0x0038ea    program     static E:\3.46\pic18-lt\cxx-framework\src\pmc_common\USART\_usartpc.asm
                     loop   0x0038fe    program     static                          
                     loop   0x0038ce    program     static                          
                   loop_h   0x0038ac    program     static E:\3.46\pic18-lt\cxx-framework\src\traditional\proc\p18f452.asm
                   loop_l   0x0038b6    program     static E:\3.46\pic18-lt\cxx-framework\src\traditional\proc\p18f452.asm
                  low_isr   0x000258    program     extern C:\Users\SirDan\OneDrive\ECNG3006\Group_Project\IntegrationTest.X\Source_Integration.c
                     main   0x00030e    program     extern C:\Users\SirDan\OneDrive\ECNG3006\Group_Project\IntegrationTest.X\Source_Integration.c
             ow_read_byte   0x00010c    program     extern C:\Users\SirDan\OneDrive\ECNG3006\Group_Project\one_wire\ow.h
                 ow_reset   0x00002c    program     extern C:\Users\SirDan\OneDrive\ECNG3006\Group_Project\one_wire\ow.h
            ow_write_byte   0x00008e    program     extern C:\Users\SirDan\OneDrive\ECNG3006\Group_Project\one_wire\ow.h
                     putc   0x003188    program     extern E:\3.46\pic18-lt\cxx-framework\src\traditional\stdclib\putc.c
                putrsXLCD   0x00320c    program     extern C:\Users\SirDan\OneDrive\ECNG3006\Group_Project\xlcd\putrxlcd.c
                 putsXLCD   0x00352a    program     extern C:\Users\SirDan\OneDrive\ECNG3006\Group_Project\xlcd\putsxlcd.c
                 s_digits   0x003928    program     static E:\3.46\pic18-lt\cxx-framework\src\traditional\stdclib\vfprintf.c
            s_put_n_chars   0x001c12    program     static E:\3.46\pic18-lt\cxx-framework\src\traditional\stdclib\vfprintf.c
                  sprintf   0x00303e    program     extern E:\3.46\pic18-lt\cxx-framework\src\traditional\stdclib\sprintf.c
                   strlen   0x0032f2    program     extern E:\3.46\pic18-lt\cxx-framework\src\traditional\stdclib\strlen.asm
                strlenpgm   0x00330e    program     extern E:\3.46\pic18-lt\cxx-framework\src\traditional\stdclib\slenpgm.asm
                     test   0x003104    program     static                          
                 vfprintf   0x001c3e    program     extern E:\3.46\pic18-lt\cxx-framework\src\traditional\stdclib\vfprintf.c
               zero_block   0x0038ac    program     static E:\3.46\pic18-lt\cxx-framework\src\traditional\proc\p18f452.asm
                   ADCON0   0x000fc2       data     extern E:\3.46\pic18-lt\cxx-framework\src\traditional\proc\p18f452.asm
               ADCON0bits   0x000fc2       data     extern E:\3.46\pic18-lt\cxx-framework\src\traditional\proc\p18f452.asm
                   ADCON1   0x000fc1       data     extern E:\3.46\pic18-lt\cxx-framework\src\traditional\proc\p18f452.asm
               ADCON1bits   0x000fc1       data     extern E:\3.46\pic18-lt\cxx-framework\src\traditional\proc\p18f452.asm
                    ADRES   0x000fc3       data     extern E:\3.46\pic18-lt\cxx-framework\src\traditional\proc\p18f452.asm
                   ADRESH   0x000fc4       data     extern E:\3.46\pic18-lt\cxx-framework\src\traditional\proc\p18f452.asm
                   ADRESL   0x000fc3       data     extern E:\3.46\pic18-lt\cxx-framework\src\traditional\proc\p18f452.asm
                      BSR   0x000fe0       data     extern E:\3.46\pic18-lt\cxx-framework\src\traditional\proc\p18f452.asm
                  CCP1CON   0x000fbd       data     extern E:\3.46\pic18-lt\cxx-framework\src\traditional\proc\p18f452.asm
              CCP1CONbits   0x000fbd       data     extern E:\3.46\pic18-lt\cxx-framework\src\traditional\proc\p18f452.asm
                  CCP2CON   0x000fba       data     extern E:\3.46\pic18-lt\cxx-framework\src\traditional\proc\p18f452.asm
              CCP2CONbits   0x000fba       data     extern E:\3.46\pic18-lt\cxx-framework\src\traditional\proc\p18f452.asm
                    CCPR1   0x000fbe       data     extern E:\3.46\pic18-lt\cxx-framework\src\traditional\proc\p18f452.asm
                   CCPR1H   0x000fbf       data     extern E:\3.46\pic18-lt\cxx-framework\src\traditional\proc\p18f452.asm
                   CCPR1L   0x000fbe       data     extern E:\3.46\pic18-lt\cxx-framework\src\traditional\proc\p18f452.asm
                    CCPR2   0x000fbb       data     extern E:\3.46\pic18-lt\cxx-framework\src\traditional\proc\p18f452.asm
                   CCPR2H   0x000fbc       data     extern E:\3.46\pic18-lt\cxx-framework\src\traditional\proc\p18f452.asm
                   CCPR2L   0x000fbb       data     extern E:\3.46\pic18-lt\cxx-framework\src\traditional\proc\p18f452.asm
                     DDRA   0x000f92       data     extern E:\3.46\pic18-lt\cxx-framework\src\traditional\proc\p18f452.asm
                 DDRAbits   0x000f92       data     extern E:\3.46\pic18-lt\cxx-framework\src\traditional\proc\p18f452.asm
                     DDRB   0x000f93       data     extern E:\3.46\pic18-lt\cxx-framework\src\traditional\proc\p18f452.asm
                 DDRBbits   0x000f93       data     extern E:\3.46\pic18-lt\cxx-framework\src\traditional\proc\p18f452.asm
                     DDRC   0x000f94       data     extern E:\3.46\pic18-lt\cxx-framework\src\traditional\proc\p18f452.asm
                 DDRCbits   0x000f94       data     extern E:\3.46\pic18-lt\cxx-framework\src\traditional\proc\p18f452.asm
                     DDRD   0x000f95       data     extern E:\3.46\pic18-lt\cxx-framework\src\traditional\proc\p18f452.asm
                 DDRDbits   0x000f95       data     extern E:\3.46\pic18-lt\cxx-framework\src\traditional\proc\p18f452.asm
                     DDRE   0x000f96       data     extern E:\3.46\pic18-lt\cxx-framework\src\traditional\proc\p18f452.asm
                 DDREbits   0x000f96       data     extern E:\3.46\pic18-lt\cxx-framework\src\traditional\proc\p18f452.asm
            DelayCounter1   0x00002b       data     extern E:\3.46\pic18-lt\cxx-framework\src\traditional\delays\delayd1.asm
            DelayCounter2   0x00002a       data     extern E:\3.46\pic18-lt\cxx-framework\src\traditional\delays\delayd2.asm
                    EEADR   0x000fa9       data     extern E:\3.46\pic18-lt\cxx-framework\src\traditional\proc\p18f452.asm
                   EECON1   0x000fa6       data     extern E:\3.46\pic18-lt\cxx-framework\src\traditional\proc\p18f452.asm
               EECON1bits   0x000fa6       data     extern E:\3.46\pic18-lt\cxx-framework\src\traditional\proc\p18f452.asm
                   EECON2   0x000fa7       data     extern E:\3.46\pic18-lt\cxx-framework\src\traditional\proc\p18f452.asm
                   EEDATA   0x000fa8       data     extern E:\3.46\pic18-lt\cxx-framework\src\traditional\proc\p18f452.asm
                     FSR0   0x000fe9       data     extern E:\3.46\pic18-lt\cxx-framework\src\traditional\proc\p18f452.asm
                    FSR0H   0x000fea       data     extern E:\3.46\pic18-lt\cxx-framework\src\traditional\proc\p18f452.asm
                    FSR0L   0x000fe9       data     extern E:\3.46\pic18-lt\cxx-framework\src\traditional\proc\p18f452.asm
                     FSR1   0x000fe1       data     extern E:\3.46\pic18-lt\cxx-framework\src\traditional\proc\p18f452.asm
                    FSR1H   0x000fe2       data     extern E:\3.46\pic18-lt\cxx-framework\src\traditional\proc\p18f452.asm
                    FSR1L   0x000fe1       data     extern E:\3.46\pic18-lt\cxx-framework\src\traditional\proc\p18f452.asm
                     FSR2   0x000fd9       data     extern E:\3.46\pic18-lt\cxx-framework\src\traditional\proc\p18f452.asm
                    FSR2H   0x000fda       data     extern E:\3.46\pic18-lt\cxx-framework\src\traditional\proc\p18f452.asm
                    FSR2L   0x000fd9       data     extern E:\3.46\pic18-lt\cxx-framework\src\traditional\proc\p18f452.asm
                HRVtimer0   0x00009a       data     extern C:\Users\SirDan\OneDrive\ECNG3006\Group_Project\IntegrationTest.X\Source_Integration.c
                    INDF0   0x000fef       data     extern E:\3.46\pic18-lt\cxx-framework\src\traditional\proc\p18f452.asm
                    INDF1   0x000fe7       data     extern E:\3.46\pic18-lt\cxx-framework\src\traditional\proc\p18f452.asm
                    INDF2   0x000fdf       data     extern E:\3.46\pic18-lt\cxx-framework\src\traditional\proc\p18f452.asm
                   INTCON   0x000ff2       data     extern E:\3.46\pic18-lt\cxx-framework\src\traditional\proc\p18f452.asm
                  INTCON1   0x000ff2       data     extern E:\3.46\pic18-lt\cxx-framework\src\traditional\proc\p18f452.asm
              INTCON1bits   0x000ff2       data     extern E:\3.46\pic18-lt\cxx-framework\src\traditional\proc\p18f452.asm
                  INTCON2   0x000ff1       data     extern E:\3.46\pic18-lt\cxx-framework\src\traditional\proc\p18f452.asm
              INTCON2bits   0x000ff1       data     extern E:\3.46\pic18-lt\cxx-framework\src\traditional\proc\p18f452.asm
                  INTCON3   0x000ff0       data     extern E:\3.46\pic18-lt\cxx-framework\src\traditional\proc\p18f452.asm
              INTCON3bits   0x000ff0       data     extern E:\3.46\pic18-lt\cxx-framework\src\traditional\proc\p18f452.asm
               INTCONbits   0x000ff2       data     extern E:\3.46\pic18-lt\cxx-framework\src\traditional\proc\p18f452.asm
                     IPR1   0x000f9f       data     extern E:\3.46\pic18-lt\cxx-framework\src\traditional\proc\p18f452.asm
                 IPR1bits   0x000f9f       data     extern E:\3.46\pic18-lt\cxx-framework\src\traditional\proc\p18f452.asm
                     IPR2   0x000fa2       data     extern E:\3.46\pic18-lt\cxx-framework\src\traditional\proc\p18f452.asm
                 IPR2bits   0x000fa2       data     extern E:\3.46\pic18-lt\cxx-framework\src\traditional\proc\p18f452.asm
                     LATA   0x000f89       data     extern E:\3.46\pic18-lt\cxx-framework\src\traditional\proc\p18f452.asm
                 LATAbits   0x000f89       data     extern E:\3.46\pic18-lt\cxx-framework\src\traditional\proc\p18f452.asm
                     LATB   0x000f8a       data     extern E:\3.46\pic18-lt\cxx-framework\src\traditional\proc\p18f452.asm
                 LATBbits   0x000f8a       data     extern E:\3.46\pic18-lt\cxx-framework\src\traditional\proc\p18f452.asm
                     LATC   0x000f8b       data     extern E:\3.46\pic18-lt\cxx-framework\src\traditional\proc\p18f452.asm
                 LATCbits   0x000f8b       data     extern E:\3.46\pic18-lt\cxx-framework\src\traditional\proc\p18f452.asm
                     LATD   0x000f8c       data     extern E:\3.46\pic18-lt\cxx-framework\src\traditional\proc\p18f452.asm
                 LATDbits   0x000f8c       data     extern E:\3.46\pic18-lt\cxx-framework\src\traditional\proc\p18f452.asm
                     LATE   0x000f8d       data     extern E:\3.46\pic18-lt\cxx-framework\src\traditional\proc\p18f452.asm
                 LATEbits   0x000f8d       data     extern E:\3.46\pic18-lt\cxx-framework\src\traditional\proc\p18f452.asm
                      LSB   0x0000a1       data     extern C:\Users\SirDan\OneDrive\ECNG3006\Group_Project\IntegrationTest.X\Source_Integration.c
                   LVDCON   0x000fd2       data     extern E:\3.46\pic18-lt\cxx-framework\src\traditional\proc\p18f452.asm
               LVDCONbits   0x000fd2       data     extern E:\3.46\pic18-lt\cxx-framework\src\traditional\proc\p18f452.asm
                      MSB   0x0000a0       data     extern C:\Users\SirDan\OneDrive\ECNG3006\Group_Project\IntegrationTest.X\Source_Integration.c
                   OSCCON   0x000fd3       data     extern E:\3.46\pic18-lt\cxx-framework\src\traditional\proc\p18f452.asm
               OSCCONbits   0x000fd3       data     extern E:\3.46\pic18-lt\cxx-framework\src\traditional\proc\p18f452.asm
                       PC   0x000ff9       data     extern E:\3.46\pic18-lt\cxx-framework\src\traditional\proc\p18f452.asm
                      PCL   0x000ff9       data     extern E:\3.46\pic18-lt\cxx-framework\src\traditional\proc\p18f452.asm
                   PCLATH   0x000ffa       data     extern E:\3.46\pic18-lt\cxx-framework\src\traditional\proc\p18f452.asm
                   PCLATU   0x000ffb       data     extern E:\3.46\pic18-lt\cxx-framework\src\traditional\proc\p18f452.asm
                     PIE1   0x000f9d       data     extern E:\3.46\pic18-lt\cxx-framework\src\traditional\proc\p18f452.asm
                 PIE1bits   0x000f9d       data     extern E:\3.46\pic18-lt\cxx-framework\src\traditional\proc\p18f452.asm
                     PIE2   0x000fa0       data     extern E:\3.46\pic18-lt\cxx-framework\src\traditional\proc\p18f452.asm
                 PIE2bits   0x000fa0       data     extern E:\3.46\pic18-lt\cxx-framework\src\traditional\proc\p18f452.asm
                     PIR1   0x000f9e       data     extern E:\3.46\pic18-lt\cxx-framework\src\traditional\proc\p18f452.asm
                 PIR1bits   0x000f9e       data     extern E:\3.46\pic18-lt\cxx-framework\src\traditional\proc\p18f452.asm
                     PIR2   0x000fa1       data     extern E:\3.46\pic18-lt\cxx-framework\src\traditional\proc\p18f452.asm
                 PIR2bits   0x000fa1       data     extern E:\3.46\pic18-lt\cxx-framework\src\traditional\proc\p18f452.asm
                   PLUSW0   0x000feb       data     extern E:\3.46\pic18-lt\cxx-framework\src\traditional\proc\p18f452.asm
                   PLUSW1   0x000fe3       data     extern E:\3.46\pic18-lt\cxx-framework\src\traditional\proc\p18f452.asm
                   PLUSW2   0x000fdb       data     extern E:\3.46\pic18-lt\cxx-framework\src\traditional\proc\p18f452.asm
                    PORTA   0x000f80       data     extern E:\3.46\pic18-lt\cxx-framework\src\traditional\proc\p18f452.asm
                PORTAbits   0x000f80       data     extern E:\3.46\pic18-lt\cxx-framework\src\traditional\proc\p18f452.asm
                    PORTB   0x000f81       data     extern E:\3.46\pic18-lt\cxx-framework\src\traditional\proc\p18f452.asm
                PORTBbits   0x000f81       data     extern E:\3.46\pic18-lt\cxx-framework\src\traditional\proc\p18f452.asm
                    PORTC   0x000f82       data     extern E:\3.46\pic18-lt\cxx-framework\src\traditional\proc\p18f452.asm
                PORTCbits   0x000f82       data     extern E:\3.46\pic18-lt\cxx-framework\src\traditional\proc\p18f452.asm
                    PORTD   0x000f83       data     extern E:\3.46\pic18-lt\cxx-framework\src\traditional\proc\p18f452.asm
                PORTDbits   0x000f83       data     extern E:\3.46\pic18-lt\cxx-framework\src\traditional\proc\p18f452.asm
                    PORTE   0x000f84       data     extern E:\3.46\pic18-lt\cxx-framework\src\traditional\proc\p18f452.asm
                PORTEbits   0x000f84       data     extern E:\3.46\pic18-lt\cxx-framework\src\traditional\proc\p18f452.asm
                 POSTDEC0   0x000fed       data     extern E:\3.46\pic18-lt\cxx-framework\src\traditional\proc\p18f452.asm
                 POSTDEC1   0x000fe5       data     extern E:\3.46\pic18-lt\cxx-framework\src\traditional\proc\p18f452.asm
                 POSTDEC2   0x000fdd       data     extern E:\3.46\pic18-lt\cxx-framework\src\traditional\proc\p18f452.asm
                 POSTINC0   0x000fee       data     extern E:\3.46\pic18-lt\cxx-framework\src\traditional\proc\p18f452.asm
                 POSTINC1   0x000fe6       data     extern E:\3.46\pic18-lt\cxx-framework\src\traditional\proc\p18f452.asm
                 POSTINC2   0x000fde       data     extern E:\3.46\pic18-lt\cxx-framework\src\traditional\proc\p18f452.asm
                      PR2   0x000fcb       data     extern E:\3.46\pic18-lt\cxx-framework\src\traditional\proc\p18f452.asm
                  PREINC0   0x000fec       data     extern E:\3.46\pic18-lt\cxx-framework\src\traditional\proc\p18f452.asm
                  PREINC1   0x000fe4       data     extern E:\3.46\pic18-lt\cxx-framework\src\traditional\proc\p18f452.asm
                  PREINC2   0x000fdc       data     extern E:\3.46\pic18-lt\cxx-framework\src\traditional\proc\p18f452.asm
                     PROD   0x000ff3       data     extern E:\3.46\pic18-lt\cxx-framework\src\traditional\proc\p18f452.asm
                    PRODH   0x000ff4       data     extern E:\3.46\pic18-lt\cxx-framework\src\traditional\proc\p18f452.asm
                    PRODL   0x000ff3       data     extern E:\3.46\pic18-lt\cxx-framework\src\traditional\proc\p18f452.asm
                     RCON   0x000fd0       data     extern E:\3.46\pic18-lt\cxx-framework\src\traditional\proc\p18f452.asm
                 RCONbits   0x000fd0       data     extern E:\3.46\pic18-lt\cxx-framework\src\traditional\proc\p18f452.asm
                    RCREG   0x000fae       data     extern E:\3.46\pic18-lt\cxx-framework\src\traditional\proc\p18f452.asm
                    RCSTA   0x000fab       data     extern E:\3.46\pic18-lt\cxx-framework\src\traditional\proc\p18f452.asm
                RCSTAbits   0x000fab       data     extern E:\3.46\pic18-lt\cxx-framework\src\traditional\proc\p18f452.asm
                     SIGN   0x000016       data     extern E:\3.46\pic18-lt\cxx-framework\src\traditional\math\cmath18.asm
                    SPBRG   0x000faf       data     extern E:\3.46\pic18-lt\cxx-framework\src\traditional\proc\p18f452.asm
                   SSPADD   0x000fc8       data     extern E:\3.46\pic18-lt\cxx-framework\src\traditional\proc\p18f452.asm
                   SSPBUF   0x000fc9       data     extern E:\3.46\pic18-lt\cxx-framework\src\traditional\proc\p18f452.asm
                  SSPCON1   0x000fc6       data     extern E:\3.46\pic18-lt\cxx-framework\src\traditional\proc\p18f452.asm
              SSPCON1bits   0x000fc6       data     extern E:\3.46\pic18-lt\cxx-framework\src\traditional\proc\p18f452.asm
                  SSPCON2   0x000fc5       data     extern E:\3.46\pic18-lt\cxx-framework\src\traditional\proc\p18f452.asm
              SSPCON2bits   0x000fc5       data     extern E:\3.46\pic18-lt\cxx-framework\src\traditional\proc\p18f452.asm
                  SSPSTAT   0x000fc7       data     extern E:\3.46\pic18-lt\cxx-framework\src\traditional\proc\p18f452.asm
              SSPSTATbits   0x000fc7       data     extern E:\3.46\pic18-lt\cxx-framework\src\traditional\proc\p18f452.asm
                   STATUS   0x000fd8       data     extern E:\3.46\pic18-lt\cxx-framework\src\traditional\proc\p18f452.asm
               STATUSbits   0x000fd8       data     extern E:\3.46\pic18-lt\cxx-framework\src\traditional\proc\p18f452.asm
                   STKPTR   0x000ffc       data     extern E:\3.46\pic18-lt\cxx-framework\src\traditional\proc\p18f452.asm
               STKPTRbits   0x000ffc       data     extern E:\3.46\pic18-lt\cxx-framework\src\traditional\proc\p18f452.asm
                    T0CON   0x000fd5       data     extern E:\3.46\pic18-lt\cxx-framework\src\traditional\proc\p18f452.asm
                T0CONbits   0x000fd5       data     extern E:\3.46\pic18-lt\cxx-framework\src\traditional\proc\p18f452.asm
                    T1CON   0x000fcd       data     extern E:\3.46\pic18-lt\cxx-framework\src\traditional\proc\p18f452.asm
                T1CONbits   0x000fcd       data     extern E:\3.46\pic18-lt\cxx-framework\src\traditional\proc\p18f452.asm
                    T2CON   0x000fca       data     extern E:\3.46\pic18-lt\cxx-framework\src\traditional\proc\p18f452.asm
                T2CONbits   0x000fca       data     extern E:\3.46\pic18-lt\cxx-framework\src\traditional\proc\p18f452.asm
                    T3CON   0x000fb1       data     extern E:\3.46\pic18-lt\cxx-framework\src\traditional\proc\p18f452.asm
                T3CONbits   0x000fb1       data     extern E:\3.46\pic18-lt\cxx-framework\src\traditional\proc\p18f452.asm
                   TABLAT   0x000ff5       data     extern E:\3.46\pic18-lt\cxx-framework\src\traditional\proc\p18f452.asm
                   TBLPTR   0x000ff6       data     extern E:\3.46\pic18-lt\cxx-framework\src\traditional\proc\p18f452.asm
                  TBLPTRH   0x000ff7       data     extern E:\3.46\pic18-lt\cxx-framework\src\traditional\proc\p18f452.asm
                  TBLPTRL   0x000ff6       data     extern E:\3.46\pic18-lt\cxx-framework\src\traditional\proc\p18f452.asm
                  TBLPTRU   0x000ff8       data     extern E:\3.46\pic18-lt\cxx-framework\src\traditional\proc\p18f452.asm
                    TMR0H   0x000fd7       data     extern E:\3.46\pic18-lt\cxx-framework\src\traditional\proc\p18f452.asm
                    TMR0L   0x000fd6       data     extern E:\3.46\pic18-lt\cxx-framework\src\traditional\proc\p18f452.asm
                    TMR1H   0x000fcf       data     extern E:\3.46\pic18-lt\cxx-framework\src\traditional\proc\p18f452.asm
                    TMR1L   0x000fce       data     extern E:\3.46\pic18-lt\cxx-framework\src\traditional\proc\p18f452.asm
                     TMR2   0x000fcc       data     extern E:\3.46\pic18-lt\cxx-framework\src\traditional\proc\p18f452.asm
                    TMR3H   0x000fb3       data     extern E:\3.46\pic18-lt\cxx-framework\src\traditional\proc\p18f452.asm
                    TMR3L   0x000fb2       data     extern E:\3.46\pic18-lt\cxx-framework\src\traditional\proc\p18f452.asm
                      TOS   0x000ffd       data     extern E:\3.46\pic18-lt\cxx-framework\src\traditional\proc\p18f452.asm
                     TOSH   0x000ffe       data     extern E:\3.46\pic18-lt\cxx-framework\src\traditional\proc\p18f452.asm
                     TOSL   0x000ffd       data     extern E:\3.46\pic18-lt\cxx-framework\src\traditional\proc\p18f452.asm
                     TOSU   0x000fff       data     extern E:\3.46\pic18-lt\cxx-framework\src\traditional\proc\p18f452.asm
                    TRISA   0x000f92       data     extern E:\3.46\pic18-lt\cxx-framework\src\traditional\proc\p18f452.asm
                TRISAbits   0x000f92       data     extern E:\3.46\pic18-lt\cxx-framework\src\traditional\proc\p18f452.asm
                    TRISB   0x000f93       data     extern E:\3.46\pic18-lt\cxx-framework\src\traditional\proc\p18f452.asm
                TRISBbits   0x000f93       data     extern E:\3.46\pic18-lt\cxx-framework\src\traditional\proc\p18f452.asm
                    TRISC   0x000f94       data     extern E:\3.46\pic18-lt\cxx-framework\src\traditional\proc\p18f452.asm
                TRISCbits   0x000f94       data     extern E:\3.46\pic18-lt\cxx-framework\src\traditional\proc\p18f452.asm
                    TRISD   0x000f95       data     extern E:\3.46\pic18-lt\cxx-framework\src\traditional\proc\p18f452.asm
                TRISDbits   0x000f95       data     extern E:\3.46\pic18-lt\cxx-framework\src\traditional\proc\p18f452.asm
                    TRISE   0x000f96       data     extern E:\3.46\pic18-lt\cxx-framework\src\traditional\proc\p18f452.asm
                TRISEbits   0x000f96       data     extern E:\3.46\pic18-lt\cxx-framework\src\traditional\proc\p18f452.asm
                    TXREG   0x000fad       data     extern E:\3.46\pic18-lt\cxx-framework\src\traditional\proc\p18f452.asm
                    TXSTA   0x000fac       data     extern E:\3.46\pic18-lt\cxx-framework\src\traditional\proc\p18f452.asm
                TXSTAbits   0x000fac       data     extern E:\3.46\pic18-lt\cxx-framework\src\traditional\proc\p18f452.asm
                        W   0x000fe8       data     extern E:\3.46\pic18-lt\cxx-framework\src\traditional\proc\p18f452.asm
                   WDTCON   0x000fd1       data     extern E:\3.46\pic18-lt\cxx-framework\src\traditional\proc\p18f452.asm
               WDTCONbits   0x000fd1       data     extern E:\3.46\pic18-lt\cxx-framework\src\traditional\proc\p18f452.asm
                     WREG   0x000fe8       data     extern E:\3.46\pic18-lt\cxx-framework\src\traditional\proc\p18f452.asm
                 __AARGB0   0x00001f       data     extern E:\3.46\pic18-lt\cxx-framework\src\traditional\math\aarg.asm
                 __AARGB1   0x00001e       data     extern E:\3.46\pic18-lt\cxx-framework\src\traditional\math\aarg.asm
                 __AARGB2   0x00001d       data     extern E:\3.46\pic18-lt\cxx-framework\src\traditional\math\aarg.asm
                 __AARGB3   0x00001c       data     extern E:\3.46\pic18-lt\cxx-framework\src\traditional\math\aarg.asm
                 __AARGB4   0x00001b       data     extern E:\3.46\pic18-lt\cxx-framework\src\traditional\math\aarg.asm
                 __AARGB5   0x00001a       data     extern E:\3.46\pic18-lt\cxx-framework\src\traditional\math\aarg.asm
                 __AARGB6   0x000019       data     extern E:\3.46\pic18-lt\cxx-framework\src\traditional\math\aarg.asm
                 __AARGB7   0x000018       data     extern E:\3.46\pic18-lt\cxx-framework\src\traditional\math\aarg.asm
                   __AEXP   0x000020       data     extern E:\3.46\pic18-lt\cxx-framework\src\traditional\math\aarg.asm
                 __BARGB0   0x000024       data     extern E:\3.46\pic18-lt\cxx-framework\src\traditional\math\barg.asm
                 __BARGB1   0x000023       data     extern E:\3.46\pic18-lt\cxx-framework\src\traditional\math\barg.asm
                 __BARGB2   0x000022       data     extern E:\3.46\pic18-lt\cxx-framework\src\traditional\math\barg.asm
                 __BARGB3   0x000021       data     extern E:\3.46\pic18-lt\cxx-framework\src\traditional\math\barg.asm
                   __BEXP   0x000025       data     extern E:\3.46\pic18-lt\cxx-framework\src\traditional\math\barg.asm
                __FPFLAGS   0x000017       data     extern E:\3.46\pic18-lt\cxx-framework\src\traditional\math\cmath18.asm
            __FPFLAGSbits   0x000017       data     extern E:\3.46\pic18-lt\cxx-framework\src\traditional\math\cmath18.asm
                  __REMB0   0x00001b       data     extern E:\3.46\pic18-lt\cxx-framework\src\traditional\math\aarg.asm
                  __REMB1   0x00001a       data     extern E:\3.46\pic18-lt\cxx-framework\src\traditional\math\aarg.asm
                  __REMB2   0x000019       data     extern E:\3.46\pic18-lt\cxx-framework\src\traditional\math\aarg.asm
                  __REMB3   0x000018       data     extern E:\3.46\pic18-lt\cxx-framework\src\traditional\math\aarg.asm
                   __TEMP   0x000029       data     extern E:\3.46\pic18-lt\cxx-framework\src\traditional\math\temparg.asm
                 __TEMPB0   0x000029       data     extern E:\3.46\pic18-lt\cxx-framework\src\traditional\math\temparg.asm
                 __TEMPB1   0x000028       data     extern E:\3.46\pic18-lt\cxx-framework\src\traditional\math\temparg.asm
                 __TEMPB2   0x000027       data     extern E:\3.46\pic18-lt\cxx-framework\src\traditional\math\temparg.asm
                 __TEMPB3   0x000026       data     extern E:\3.46\pic18-lt\cxx-framework\src\traditional\math\temparg.asm
                  __tmp_0   0x000000       data     static E:\3.46\pic18-lt\cxx-framework\src\traditional\stdclib\putc.c
                  __tmp_0   0x000000       data     static E:\3.46\pic18-lt\cxx-framework\src\traditional\stdclib\vfprintf.c
                  __tmp_0   0x000000       data     static E:\3.46\pic18-lt\cxx-framework\src\traditional\stdclib\sprintf.c
                  __tmp_0   0x000000       data     static E:\3.46\pic18-lt\cxx-framework\src\pmc_common\PWM\pw1setdc.c
                  __tmp_0   0x000000       data     static E:\3.46\pic18-lt\cxx-framework\src\pmc_common\Timers\t1read.c
[...]
                PORTDbits   0x000f83       data     extern E:\3.46\pic18-lt\cxx-framework\src\traditional\proc\p18f452.asm
                    PORTD   0x000f83       data     extern E:\3.46\pic18-lt\cxx-framework\src\traditional\proc\p18f452.asm
                PORTEbits   0x000f84       data     extern E:\3.46\pic18-lt\cxx-framework\src\traditional\proc\p18f452.asm
                    PORTE   0x000f84       data     extern E:\3.46\pic18-lt\cxx-framework\src\traditional\proc\p18f452.asm
                     LATA   0x000f89       data     extern E:\3.46\pic18-lt\cxx-framework\src\traditional\proc\p18f452.asm
                 LATAbits   0x000f89       data     extern E:\3.46\pic18-lt\cxx-framework\src\traditional\proc\p18f452.asm
                     LATB   0x000f8a       data     extern E:\3.46\pic18-lt\cxx-framework\src\traditional\proc\p18f452.asm
                 LATBbits   0x000f8a       data     extern E:\3.46\pic18-lt\cxx-framework\src\traditional\proc\p18f452.asm
                     LATC   0x000f8b       data     extern E:\3.46\pic18-lt\cxx-framework\src\traditional\proc\p18f452.asm
                 LATCbits   0x000f8b       data     extern E:\3.46\pic18-lt\cxx-framework\src\traditional\proc\p18f452.asm
                 LATDbits   0x000f8c       data     extern E:\3.46\pic18-lt\cxx-framework\src\traditional\proc\p18f452.asm
                     LATD   0x000f8c       data     extern E:\3.46\pic18-lt\cxx-framework\src\traditional\proc\p18f452.asm
                     LATE   0x000f8d       data     extern E:\3.46\pic18-lt\cxx-framework\src\traditional\proc\p18f452.asm
                 LATEbits   0x000f8d       data     extern E:\3.46\pic18-lt\cxx-framework\src\traditional\proc\p18f452.asm
                TRISAbits   0x000f92       data     extern E:\3.46\pic18-lt\cxx-framework\src\traditional\proc\p18f452.asm
                    TRISA   0x000f92       data     extern E:\3.46\pic18-lt\cxx-framework\src\traditional\proc\p18f452.asm
                     DDRA   0x000f92       data     extern E:\3.46\pic18-lt\cxx-framework\src\traditional\proc\p18f452.asm
                 DDRAbits   0x000f92       data     extern E:\3.46\pic18-lt\cxx-framework\src\traditional\proc\p18f452.asm
                TRISBbits   0x000f93       data     extern E:\3.46\pic18-lt\cxx-framework\src\traditional\proc\p18f452.asm
                    TRISB   0x000f93       data     extern E:\3.46\pic18-lt\cxx-framework\src\traditional\proc\p18f452.asm
                     DDRB   0x000f93       data     extern E:\3.46\pic18-lt\cxx-framework\src\traditional\proc\p18f452.asm
                 DDRBbits   0x000f93       data     extern E:\3.46\pic18-lt\cxx-framework\src\traditional\proc\p18f452.asm
                TRISCbits   0x000f94       data     extern E:\3.46\pic18-lt\cxx-framework\src\traditional\proc\p18f452.asm
                    TRISC   0x000f94       data     extern E:\3.46\pic18-lt\cxx-framework\src\traditional\proc\p18f452.asm
                     DDRC   0x000f94       data     extern E:\3.46\pic18-lt\cxx-framework\src\traditional\proc\p18f452.asm
                 DDRCbits   0x000f94       data     extern E:\3.46\pic18-lt\cxx-framework\src\traditional\proc\p18f452.asm
                    TRISD   0x000f95       data     extern E:\3.46\pic18-lt\cxx-framework\src\traditional\proc\p18f452.asm
                TRISDbits   0x000f95       data     extern E:\3.46\pic18-lt\cxx-framework\src\traditional\proc\p18f452.asm
                 DDRDbits   0x000f95       data     extern E:\3.46\pic18-lt\cxx-framework\src\traditional\proc\p18f452.asm
                     DDRD   0x000f95       data     extern E:\3.46\pic18-lt\cxx-framework\src\traditional\proc\p18f452.asm
                TRISEbits   0x000f96       data     extern E:\3.46\pic18-lt\cxx-framework\src\traditional\proc\p18f452.asm
                    TRISE   0x000f96       data     extern E:\3.46\pic18-lt\cxx-framework\src\traditional\proc\p18f452.asm
                 DDREbits   0x000f96       data     extern E:\3.46\pic18-lt\cxx-framework\src\traditional\proc\p18f452.asm
                     DDRE   0x000f96       data     extern E:\3.46\pic18-lt\cxx-framework\src\traditional\proc\p18f452.asm
                     PIE1   0x000f9d       data     extern E:\3.46\pic18-lt\cxx-framework\src\traditional\proc\p18f452.asm
                 PIE1bits   0x000f9d       data     extern E:\3.46\pic18-lt\cxx-framework\src\traditional\proc\p18f452.asm
                 PIR1bits   0x000f9e       data     extern E:\3.46\pic18-lt\cxx-framework\src\traditional\proc\p18f452.asm
                     PIR1   0x000f9e       data     extern E:\3.46\pic18-lt\cxx-framework\src\traditional\proc\p18f452.asm
                     IPR1   0x000f9f       data     extern E:\3.46\pic18-lt\cxx-framework\src\traditional\proc\p18f452.asm
                 IPR1bits   0x000f9f       data     extern E:\3.46\pic18-lt\cxx-framework\src\traditional\proc\p18f452.asm
                     PIE2   0x000fa0       data     extern E:\3.46\pic18-lt\cxx-framework\src\traditional\proc\p18f452.asm
                 PIE2bits   0x000fa0       data     extern E:\3.46\pic18-lt\cxx-framework\src\traditional\proc\p18f452.asm
                 PIR2bits   0x000fa1       data     extern E:\3.46\pic18-lt\cxx-framework\src\traditional\proc\p18f452.asm
                     PIR2   0x000fa1       data     extern E:\3.46\pic18-lt\cxx-framework\src\traditional\proc\p18f452.asm
                 IPR2bits   0x000fa2       data     extern E:\3.46\pic18-lt\cxx-framework\src\traditional\proc\p18f452.asm
                     IPR2   0x000fa2       data     extern E:\3.46\pic18-lt\cxx-framework\src\traditional\proc\p18f452.asm
                   EECON1   0x000fa6       data     extern E:\3.46\pic18-lt\cxx-framework\src\traditional\proc\p18f452.asm
               EECON1bits   0x000fa6       data     extern E:\3.46\pic18-lt\cxx-framework\src\traditional\proc\p18f452.asm
                   EECON2   0x000fa7       data     extern E:\3.46\pic18-lt\cxx-framework\src\traditional\proc\p18f452.asm
                   EEDATA   0x000fa8       data     extern E:\3.46\pic18-lt\cxx-framework\src\traditional\proc\p18f452.asm
                    EEADR   0x000fa9       data     extern E:\3.46\pic18-lt\cxx-framework\src\traditional\proc\p18f452.asm
                RCSTAbits   0x000fab       data     extern E:\3.46\pic18-lt\cxx-framework\src\traditional\proc\p18f452.asm
                    RCSTA   0x000fab       data     extern E:\3.46\pic18-lt\cxx-framework\src\traditional\proc\p18f452.asm
                TXSTAbits   0x000fac       data     extern E:\3.46\pic18-lt\cxx-framework\src\traditional\proc\p18f452.asm
                    TXSTA   0x000fac       data     extern E:\3.46\pic18-lt\cxx-framework\src\traditional\proc\p18f452.asm
                    TXREG   0x000fad       data     extern E:\3.46\pic18-lt\cxx-framework\src\traditional\proc\p18f452.asm
                    RCREG   0x000fae       data     extern E:\3.46\pic18-lt\cxx-framework\src\traditional\proc\p18f452.asm
                    SPBRG   0x000faf       data     extern E:\3.46\pic18-lt\cxx-framework\src\traditional\proc\p18f452.asm
                T3CONbits   0x000fb1       data     extern E:\3.46\pic18-lt\cxx-framework\src\traditional\proc\p18f452.asm
                    T3CON   0x000fb1       data     extern E:\3.46\pic18-lt\cxx-framework\src\traditional\proc\p18f452.asm
                    TMR3L   0x000fb2       data     extern E:\3.46\pic18-lt\cxx-framework\src\traditional\proc\p18f452.asm
                    TMR3H   0x000fb3       data     extern E:\3.46\pic18-lt\cxx-framework\src\traditional\proc\p18f452.asm
                  CCP2CON   0x000fba       data     extern E:\3.46\pic18-lt\cxx-framework\src\traditional\proc\p18f452.asm
              CCP2CONbits   0x000fba       data     extern E:\3.46\pic18-lt\cxx-framework\src\traditional\proc\p18f452.asm
                    CCPR2   0x000fbb       data     extern E:\3.46\pic18-lt\cxx-framework\src\traditional\proc\p18f452.asm
                   CCPR2L   0x000fbb       data     extern E:\3.46\pic18-lt\cxx-framework\src\traditional\proc\p18f452.asm
                   CCPR2H   0x000fbc       data     extern E:\3.46\pic18-lt\cxx-framework\src\traditional\proc\p18f452.asm
                  CCP1CON   0x000fbd       data     extern E:\3.46\pic18-lt\cxx-framework\src\traditional\proc\p18f452.asm
              CCP1CONbits   0x000fbd       data     extern E:\3.46\pic18-lt\cxx-framework\src\traditional\proc\p18f452.asm
                    CCPR1   0x000fbe       data     extern E:\3.46\pic18-lt\cxx-framework\src\traditional\proc\p18f452.asm
                   CCPR1L   0x000fbe       data     extern E:\3.46\pic18-lt\cxx-framework\src\traditional\proc\p18f452.asm
                   CCPR1H   0x000fbf       data     extern E:\3.46\pic18-lt\cxx-framework\src\traditional\proc\p18f452.asm
               ADCON1bits   0x000fc1       data     extern E:\3.46\pic18-lt\cxx-framework\src\traditional\proc\p18f452.asm
                   ADCON1   0x000fc1       data     extern E:\3.46\pic18-lt\cxx-framework\src\traditional\proc\p18f452.asm
                   ADCON0   0x000fc2       data     extern E:\3.46\pic18-lt\cxx-framework\src\traditional\proc\p18f452.asm
               ADCON0bits   0x000fc2       data     extern E:\3.46\pic18-lt\cxx-framework\src\traditional\proc\p18f452.asm
                    ADRES   0x000fc3       data     extern E:\3.46\pic18-lt\cxx-framework\src\traditional\proc\p18f452.asm
                   ADRESL   0x000fc3       data     extern E:\3.46\pic18-lt\cxx-framework\src\traditional\proc\p18f452.asm
                   ADRESH   0x000fc4       data     extern E:\3.46\pic18-lt\cxx-framework\src\traditional\proc\p18f452.asm
                  SSPCON2   0x000fc5       data     extern E:\3.46\pic18-lt\cxx-framework\src\traditional\proc\p18f452.asm
              SSPCON2bits   0x000fc5       data     extern E:\3.46\pic18-lt\cxx-framework\src\traditional\proc\p18f452.asm
                  SSPCON1   0x000fc6       data     extern E:\3.46\pic18-lt\cxx-framework\src\traditional\proc\p18f452.asm
              SSPCON1bits   0x000fc6       data     extern E:\3.46\pic18-lt\cxx-framework\src\traditional\proc\p18f452.asm
                  SSPSTAT   0x000fc7       data     extern E:\3.46\pic18-lt\cxx-framework\src\traditional\proc\p18f452.asm
              SSPSTATbits   0x000fc7       data     extern E:\3.46\pic18-lt\cxx-framework\src\traditional\proc\p18f452.asm
                   SSPADD   0x000fc8       data     extern E:\3.46\pic18-lt\cxx-framework\src\traditional\proc\p18f452.asm
                   SSPBUF   0x000fc9       data     extern E:\3.46\pic18-lt\cxx-framework\src\traditional\proc\p18f452.asm
                    T2CON   0x000fca       data     extern E:\3.46\pic18-lt\cxx-framework\src\traditional\proc\p18f452.asm
                T2CONbits   0x000fca       data     extern E:\3.46\pic18-lt\cxx-framework\src\traditional\proc\p18f452.asm
                      PR2   0x000fcb       data     extern E:\3.46\pic18-lt\cxx-framework\src\traditional\proc\p18f452.asm
                     TMR2   0x000fcc       data     extern E:\3.46\pic18-lt\cxx-framework\src\traditional\proc\p18f452.asm
                T1CONbits   0x000fcd       data     extern E:\3.46\pic18-lt\cxx-framework\src\traditional\proc\p18f452.asm
                    T1CON   0x000fcd       data     extern E:\3.46\pic18-lt\cxx-framework\src\traditional\proc\p18f452.asm
                    TMR1L   0x000fce       data     extern E:\3.46\pic18-lt\cxx-framework\src\traditional\proc\p18f452.asm
                    TMR1H   0x000fcf       data     extern E:\3.46\pic18-lt\cxx-framework\src\traditional\proc\p18f452.asm
                     RCON   0x000fd0       data     extern E:\3.46\pic18-lt\cxx-framework\src\traditional\proc\p18f452.asm
                 RCONbits   0x000fd0       data     extern E:\3.46\pic18-lt\cxx-framework\src\traditional\proc\p18f452.asm
               WDTCONbits   0x000fd1       data     extern E:\3.46\pic18-lt\cxx-framework\src\traditional\proc\p18f452.asm
                   WDTCON   0x000fd1       data     extern E:\3.46\pic18-lt\cxx-framework\src\traditional\proc\p18f452.asm
               LVDCONbits   0x000fd2       data     extern E:\3.46\pic18-lt\cxx-framework\src\traditional\proc\p18f452.asm
                   LVDCON   0x000fd2       data     extern E:\3.46\pic18-lt\cxx-framework\src\traditional\proc\p18f452.asm
               OSCCONbits   0x000fd3       data     extern E:\3.46\pic18-lt\cxx-framework\src\traditional\proc\p18f452.asm
                   OSCCON   0x000fd3       data     extern E:\3.46\pic18-lt\cxx-framework\src\traditional\proc\p18f452.asm
                T0CONbits   0x000fd5       data     extern E:\3.46\pic18-lt\cxx-framework\src\traditional\proc\p18f452.asm
                    T0CON   0x000fd5       data     extern E:\3.46\pic18-lt\cxx-framework\src\traditional\proc\p18f452.asm
                    TMR0L   0x000fd6       data     extern E:\3.46\pic18-lt\cxx-framework\src\traditional\proc\p18f452.asm
                    TMR0H   0x000fd7       data     extern E:\3.46\pic18-lt\cxx-framework\src\traditional\proc\p18f452.asm
               STATUSbits   0x000fd8       data     extern E:\3.46\pic18-lt\cxx-framework\src\traditional\proc\p18f452.asm
                   STATUS   0x000fd8       data     extern E:\3.46\pic18-lt\cxx-framework\src\traditional\proc\p18f452.asm
                    FSR2L   0x000fd9       data     extern E:\3.46\pic18-lt\cxx-framework\src\traditional\proc\p18f452.asm
                     FSR2   0x000fd9       data     extern E:\3.46\pic18-lt\cxx-framework\src\traditional\proc\p18f452.asm
                    FSR2H   0x000fda       data     extern E:\3.46\pic18-lt\cxx-framework\src\traditional\proc\p18f452.asm
                   PLUSW2   0x000fdb       data     extern E:\3.46\pic18-lt\cxx-framework\src\traditional\proc\p18f452.asm
                  PREINC2   0x000fdc       data     extern E:\3.46\pic18-lt\cxx-framework\src\traditional\proc\p18f452.asm
                 POSTDEC2   0x000fdd       data     extern E:\3.46\pic18-lt\cxx-framework\src\traditional\proc\p18f452.asm
                 POSTINC2   0x000fde       data     extern E:\3.46\pic18-lt\cxx-framework\src\traditional\proc\p18f452.asm
                    INDF2   0x000fdf       data     extern E:\3.46\pic18-lt\cxx-framework\src\traditional\proc\p18f452.asm
                      BSR   0x000fe0       data     extern E:\3.46\pic18-lt\cxx-framework\src\traditional\proc\p18f452.asm
                    FSR1L   0x000fe1       data     extern E:\3.46\pic18-lt\cxx-framework\src\traditional\proc\p18f452.asm
                     FSR1   0x000fe1       data     extern E:\3.46\pic18-lt\cxx-framework\src\traditional\proc\p18f452.asm
                    FSR1H   0x000fe2       data     extern E:\3.46\pic18-lt\cxx-framework\src\traditional\proc\p18f452.asm
                   PLUSW1   0x000fe3       data     extern E:\3.46\pic18-lt\cxx-framework\src\traditional\proc\p18f452.asm
                  PREINC1   0x000fe4       data     extern E:\3.46\pic18-lt\cxx-framework\src\traditional\proc\p18f452.asm
                 POSTDEC1   0x000fe5       data     extern E:\3.46\pic18-lt\cxx-framework\src\traditional\proc\p18f452.asm
                 POSTINC1   0x000fe6       data     extern E:\3.46\pic18-lt\cxx-framework\src\traditional\proc\p18f452.asm
                    INDF1   0x000fe7       data     extern E:\3.46\pic18-lt\cxx-framework\src\traditional\proc\p18f452.asm
                        W   0x000fe8       data     extern E:\3.46\pic18-lt\cxx-framework\src\traditional\proc\p18f452.asm
                     WREG   0x000fe8       data     extern E:\3.46\pic18-lt\cxx-framework\src\traditional\proc\p18f452.asm
                     FSR0   0x000fe9       data     extern E:\3.46\pic18-lt\cxx-framework\src\traditional\proc\p18f452.asm
                    FSR0L   0x000fe9       data     extern E:\3.46\pic18-lt\cxx-framework\src\traditional\proc\p18f452.asm
                    FSR0H   0x000fea       data     extern E:\3.46\pic18-lt\cxx-framework\src\traditional\proc\p18f452.asm
                   PLUSW0   0x000feb       data     extern E:\3.46\pic18-lt\cxx-framework\src\traditional\proc\p18f452.asm
                  PREINC0   0x000fec       data     extern E:\3.46\pic18-lt\cxx-framework\src\traditional\proc\p18f452.asm
                 POSTDEC0   0x000fed       data     extern E:\3.46\pic18-lt\cxx-framework\src\traditional\proc\p18f452.asm
                 POSTINC0   0x000fee       data     extern E:\3.46\pic18-lt\cxx-framework\src\traditional\proc\p18f452.asm
                    INDF0   0x000fef       data     extern E:\3.46\pic18-lt\cxx-framework\src\traditional\proc\p18f452.asm
              INTCON3bits   0x000ff0       data     extern E:\3.46\pic18-lt\cxx-framework\src\traditional\proc\p18f452.asm
                  INTCON3   0x000ff0       data     extern E:\3.46\pic18-lt\cxx-framework\src\traditional\proc\p18f452.asm
              INTCON2bits   0x000ff1       data     extern E:\3.46\pic18-lt\cxx-framework\src\traditional\proc\p18f452.asm
                  INTCON2   0x000ff1       data     extern E:\3.46\pic18-lt\cxx-framework\src\traditional\proc\p18f452.asm
                   INTCON   0x000ff2       data     extern E:\3.46\pic18-lt\cxx-framework\src\traditional\proc\p18f452.asm
                  INTCON1   0x000ff2       data     extern E:\3.46\pic18-lt\cxx-framework\src\traditional\proc\p18f452.asm
              INTCON1bits   0x000ff2       data     extern E:\3.46\pic18-lt\cxx-framework\src\traditional\proc\p18f452.asm
               INTCONbits   0x000ff2       data     extern E:\3.46\pic18-lt\cxx-framework\src\traditional\proc\p18f452.asm
                     PROD   0x000ff3       data     extern E:\3.46\pic18-lt\cxx-framework\src\traditional\proc\p18f452.asm
                    PRODL   0x000ff3       data     extern E:\3.46\pic18-lt\cxx-framework\src\traditional\proc\p18f452.asm
                    PRODH   0x000ff4       data     extern E:\3.46\pic18-lt\cxx-framework\src\traditional\proc\p18f452.asm
                   TABLAT   0x000ff5       data     extern E:\3.46\pic18-lt\cxx-framework\src\traditional\proc\p18f452.asm
                  TBLPTRL   0x000ff6       data     extern E:\3.46\pic18-lt\cxx-framework\src\traditional\proc\p18f452.asm
                   TBLPTR   0x000ff6       data     extern E:\3.46\pic18-lt\cxx-framework\src\traditional\proc\p18f452.asm
                  TBLPTRH   0x000ff7       data     extern E:\3.46\pic18-lt\cxx-framework\src\traditional\proc\p18f452.asm
                  TBLPTRU   0x000ff8       data     extern E:\3.46\pic18-lt\cxx-framework\src\traditional\proc\p18f452.asm
                      PCL   0x000ff9       data     extern E:\3.46\pic18-lt\cxx-framework\src\traditional\proc\p18f452.asm
                       PC   0x000ff9       data     extern E:\3.46\pic18-lt\cxx-framework\src\traditional\proc\p18f452.asm
                   PCLATH   0x000ffa       data     extern E:\3.46\pic18-lt\cxx-framework\src\traditional\proc\p18f452.asm
                   PCLATU   0x000ffb       data     extern E:\3.46\pic18-lt\cxx-framework\src\traditional\proc\p18f452.asm
                   STKPTR   0x000ffc       data     extern E:\3.46\pic18-lt\cxx-framework\src\traditional\proc\p18f452.asm
               STKPTRbits   0x000ffc       data     extern E:\3.46\pic18-lt\cxx-framework\src\traditional\proc\p18f452.asm
                     TOSL   0x000ffd       data     extern E:\3.46\pic18-lt\cxx-framework\src\traditional\proc\p18f452.asm
                      TOS   0x000ffd       data     extern E:\3.46\pic18-lt\cxx-framework\src\traditional\proc\p18f452.asm
                     TOSH   0x000ffe       data     extern E:\3.46\pic18-lt\cxx-framework\src\traditional\proc\p18f452.asm
                     TOSU   0x000fff       data     extern E:\3.46\pic18-lt\cxx-framework\src\traditional\proc\p18f452.asm


